Component: ARM Compiler 5.06 update 6 (build 750) Tool: armlink [4d35ed]

==============================================================================

Section Cross References

    startup_stm32f103xb.o(STACK) refers (Special) to heapauxi.o(.text) for __use_two_region_memory
    startup_stm32f103xb.o(HEAP) refers (Special) to heapauxi.o(.text) for __use_two_region_memory
    startup_stm32f103xb.o(RESET) refers (Special) to heapauxi.o(.text) for __use_two_region_memory
    startup_stm32f103xb.o(RESET) refers to startup_stm32f103xb.o(STACK) for __initial_sp
    startup_stm32f103xb.o(RESET) refers to startup_stm32f103xb.o(.text) for Reset_Handler
    startup_stm32f103xb.o(RESET) refers to stm32f1xx_it.o(i.NMI_Handler) for NMI_Handler
    startup_stm32f103xb.o(RESET) refers to stm32f1xx_it.o(i.HardFault_Handler) for HardFault_Handler
    startup_stm32f103xb.o(RESET) refers to stm32f1xx_it.o(i.MemManage_Handler) for MemManage_Handler
    startup_stm32f103xb.o(RESET) refers to stm32f1xx_it.o(i.BusFault_Handler) for BusFault_Handler
    startup_stm32f103xb.o(RESET) refers to stm32f1xx_it.o(i.UsageFault_Handler) for UsageFault_Handler
    startup_stm32f103xb.o(RESET) refers to stm32f1xx_it.o(i.SVC_Handler) for SVC_Handler
    startup_stm32f103xb.o(RESET) refers to stm32f1xx_it.o(i.DebugMon_Handler) for DebugMon_Handler
    startup_stm32f103xb.o(RESET) refers to stm32f1xx_it.o(i.PendSV_Handler) for PendSV_Handler
    startup_stm32f103xb.o(RESET) refers to stm32f1xx_it.o(i.SysTick_Handler) for SysTick_Handler
    startup_stm32f103xb.o(RESET) refers to stm32f1xx_it.o(i.DMA1_Channel1_IRQHandler) for DMA1_Channel1_IRQHandler
    startup_stm32f103xb.o(RESET) refers to stm32f1xx_it.o(i.EXTI9_5_IRQHandler) for EXTI9_5_IRQHandler
    startup_stm32f103xb.o(RESET) refers to stm32f1xx_it.o(i.TIM2_IRQHandler) for TIM2_IRQHandler
    startup_stm32f103xb.o(RESET) refers to stm32f1xx_it.o(i.USART1_IRQHandler) for USART1_IRQHandler
    startup_stm32f103xb.o(.text) refers (Special) to heapauxi.o(.text) for __use_two_region_memory
    startup_stm32f103xb.o(.text) refers to system_stm32f1xx.o(i.SystemInit) for SystemInit
    startup_stm32f103xb.o(.text) refers to __main.o(!!!main) for __main
    startup_stm32f103xb.o(.text) refers to startup_stm32f103xb.o(HEAP) for Heap_Mem
    startup_stm32f103xb.o(.text) refers to startup_stm32f103xb.o(STACK) for Stack_Mem
    i2c-lcd.o(i.lcd_clear) refers to i2c-lcd.o(i.lcd_send_cmd) for lcd_send_cmd
    i2c-lcd.o(i.lcd_clear) refers to i2c-lcd.o(i.lcd_send_data) for lcd_send_data
    i2c-lcd.o(i.lcd_init) refers to stm32f1xx_hal.o(i.HAL_Delay) for HAL_Delay
    i2c-lcd.o(i.lcd_init) refers to i2c-lcd.o(i.lcd_send_cmd) for lcd_send_cmd
    i2c-lcd.o(i.lcd_put_cur) refers to i2c-lcd.o(i.lcd_send_cmd) for lcd_send_cmd
    i2c-lcd.o(i.lcd_send_cmd) refers to stm32f1xx_hal_i2c.o(i.HAL_I2C_Master_Transmit) for HAL_I2C_Master_Transmit
    i2c-lcd.o(i.lcd_send_cmd) refers to main.o(.bss) for hi2c1
    i2c-lcd.o(i.lcd_send_data) refers to stm32f1xx_hal_i2c.o(i.HAL_I2C_Master_Transmit) for HAL_I2C_Master_Transmit
    i2c-lcd.o(i.lcd_send_data) refers to main.o(.bss) for hi2c1
    i2c-lcd.o(i.lcd_send_string) refers to i2c-lcd.o(i.lcd_send_data) for lcd_send_data
    main.o(i.HAL_GPIO_EXTI_Callback) refers to stm32f1xx_hal_cortex.o(i.HAL_NVIC_ClearPendingIRQ) for HAL_NVIC_ClearPendingIRQ
    main.o(i.HAL_GPIO_EXTI_Callback) refers to main.o(.data) for button_temp
    main.o(i.HAL_TIM_PeriodElapsedCallback) refers to _printf_pad.o(.text) for _printf_pre_padding
    main.o(i.HAL_TIM_PeriodElapsedCallback) refers to _printf_percent.o(.ARM.Collect$$_printf_percent$$00000000) for _printf_percent
    main.o(i.HAL_TIM_PeriodElapsedCallback) refers to _printf_d.o(.ARM.Collect$$_printf_percent$$00000009) for _printf_d
    main.o(i.HAL_TIM_PeriodElapsedCallback) refers to _printf_dec.o(.text) for _printf_int_dec
    main.o(i.HAL_TIM_PeriodElapsedCallback) refers to fmul.o(x$fpl$fmul) for __aeabi_fmul
    main.o(i.HAL_TIM_PeriodElapsedCallback) refers to ffix.o(x$fpl$ffix) for __aeabi_f2iz
    main.o(i.HAL_TIM_PeriodElapsedCallback) refers to noretval__2sprintf.o(.text) for __2sprintf
    main.o(i.HAL_TIM_PeriodElapsedCallback) refers to stm32f1xx_hal_uart.o(i.HAL_UART_Transmit_IT) for HAL_UART_Transmit_IT
    main.o(i.HAL_TIM_PeriodElapsedCallback) refers to main.o(.bss) for htim2
    main.o(i.HAL_TIM_PeriodElapsedCallback) refers to main.o(.data) for k
    main.o(i.HAL_UART_RxCpltCallback) refers to stm32f1xx_hal_gpio.o(i.HAL_GPIO_WritePin) for HAL_GPIO_WritePin
    main.o(i.HAL_UART_RxCpltCallback) refers to stm32f1xx_hal_uart.o(i.HAL_UART_Receive_IT) for HAL_UART_Receive_IT
    main.o(i.HAL_UART_RxCpltCallback) refers to main.o(.data) for rx_buffer
    main.o(i.HAL_UART_RxCpltCallback) refers to main.o(.bss) for huart1
    main.o(i.LCD_display) refers to _printf_pad.o(.text) for _printf_pre_padding
    main.o(i.LCD_display) refers to _printf_percent.o(.ARM.Collect$$_printf_percent$$00000000) for _printf_percent
[...]
    i.HAL_ADC_ConvCpltCallback               0x08001708   Section        0  stm32f1xx_hal_adc.o(i.HAL_ADC_ConvCpltCallback)
    i.HAL_ADC_ConvHalfCpltCallback           0x0800170a   Section        0  stm32f1xx_hal_adc.o(i.HAL_ADC_ConvHalfCpltCallback)
    i.HAL_ADC_ErrorCallback                  0x0800170c   Section        0  stm32f1xx_hal_adc.o(i.HAL_ADC_ErrorCallback)
    i.HAL_ADC_Init                           0x08001710   Section        0  stm32f1xx_hal_adc.o(i.HAL_ADC_Init)
    i.HAL_ADC_MspInit                        0x08001854   Section        0  stm32f1xx_hal_msp.o(i.HAL_ADC_MspInit)
    i.HAL_ADC_Start_DMA                      0x08001904   Section        0  stm32f1xx_hal_adc.o(i.HAL_ADC_Start_DMA)
    i.HAL_DMA_Abort                          0x08001a84   Section        0  stm32f1xx_hal_dma.o(i.HAL_DMA_Abort)
    i.HAL_DMA_Abort_IT                       0x08001adc   Section        0  stm32f1xx_hal_dma.o(i.HAL_DMA_Abort_IT)
    i.HAL_DMA_IRQHandler                     0x08001b8c   Section        0  stm32f1xx_hal_dma.o(i.HAL_DMA_IRQHandler)
    i.HAL_DMA_Init                           0x08001d28   Section        0  stm32f1xx_hal_dma.o(i.HAL_DMA_Init)
    i.HAL_DMA_Start_IT                       0x08001d90   Section        0  stm32f1xx_hal_dma.o(i.HAL_DMA_Start_IT)
    i.HAL_Delay                              0x08001e2c   Section        0  stm32f1xx_hal.o(i.HAL_Delay)
    i.HAL_GPIO_EXTI_Callback                 0x08001e54   Section        0  main.o(i.HAL_GPIO_EXTI_Callback)
    i.HAL_GPIO_EXTI_IRQHandler               0x08001ea4   Section        0  stm32f1xx_hal_gpio.o(i.HAL_GPIO_EXTI_IRQHandler)
    i.HAL_GPIO_Init                          0x08001ec0   Section        0  stm32f1xx_hal_gpio.o(i.HAL_GPIO_Init)
    i.HAL_GPIO_TogglePin                     0x080021e0   Section        0  stm32f1xx_hal_gpio.o(i.HAL_GPIO_TogglePin)
    i.HAL_GPIO_WritePin                      0x080021f4   Section        0  stm32f1xx_hal_gpio.o(i.HAL_GPIO_WritePin)
    i.HAL_GetTick                            0x08002200   Section        0  stm32f1xx_hal.o(i.HAL_GetTick)
    i.HAL_I2C_Init                           0x0800220c   Section        0  stm32f1xx_hal_i2c.o(i.HAL_I2C_Init)
    i.HAL_I2C_Master_Transmit                0x080023dc   Section        0  stm32f1xx_hal_i2c.o(i.HAL_I2C_Master_Transmit)
    i.HAL_I2C_MspInit                        0x0800254c   Section        0  stm32f1xx_hal_msp.o(i.HAL_I2C_MspInit)
    i.HAL_IncTick                            0x080025c0   Section        0  stm32f1xx_hal.o(i.HAL_IncTick)
    i.HAL_Init                               0x080025d8   Section        0  stm32f1xx_hal.o(i.HAL_Init)
    i.HAL_InitTick                           0x08002600   Section        0  stm32f1xx_hal.o(i.HAL_InitTick)
    i.HAL_MspInit                            0x0800264c   Section        0  stm32f1xx_hal_msp.o(i.HAL_MspInit)
    i.HAL_NVIC_ClearPendingIRQ               0x080026a0   Section        0  stm32f1xx_hal_cortex.o(i.HAL_NVIC_ClearPendingIRQ)
    i.HAL_NVIC_EnableIRQ                     0x080026c4   Section        0  stm32f1xx_hal_cortex.o(i.HAL_NVIC_EnableIRQ)
    i.HAL_NVIC_SetPriority                   0x080026e4   Section        0  stm32f1xx_hal_cortex.o(i.HAL_NVIC_SetPriority)
    i.HAL_NVIC_SetPriorityGrouping           0x08002760   Section        0  stm32f1xx_hal_cortex.o(i.HAL_NVIC_SetPriorityGrouping)
    i.HAL_RCCEx_PeriphCLKConfig              0x08002788   Section        0  stm32f1xx_hal_rcc_ex.o(i.HAL_RCCEx_PeriphCLKConfig)
    i.HAL_RCC_ClockConfig                    0x080028b8   Section        0  stm32f1xx_hal_rcc.o(i.HAL_RCC_ClockConfig)
    i.HAL_RCC_GetHCLKFreq                    0x08002a44   Section        0  stm32f1xx_hal_rcc.o(i.HAL_RCC_GetHCLKFreq)
    i.HAL_RCC_GetPCLK1Freq                   0x08002a50   Section        0  stm32f1xx_hal_rcc.o(i.HAL_RCC_GetPCLK1Freq)
    i.HAL_RCC_GetPCLK2Freq                   0x08002a70   Section        0  stm32f1xx_hal_rcc.o(i.HAL_RCC_GetPCLK2Freq)
    i.HAL_RCC_GetSysClockFreq                0x08002a90   Section        0  stm32f1xx_hal_rcc.o(i.HAL_RCC_GetSysClockFreq)
    i.HAL_RCC_OscConfig                      0x08002b24   Section        0  stm32f1xx_hal_rcc.o(i.HAL_RCC_OscConfig)
    i.HAL_SPI_Init                           0x08002f88   Section        0  stm32f1xx_hal_spi.o(i.HAL_SPI_Init)
    i.HAL_SPI_MspInit                        0x08003048   Section        0  stm32f1xx_hal_msp.o(i.HAL_SPI_MspInit)
    i.HAL_SPI_Transmit                       0x08003140   Section        0  stm32f1xx_hal_spi.o(i.HAL_SPI_Transmit)
    i.HAL_SPI_TransmitReceive                0x080032ee   Section        0  stm32f1xx_hal_spi.o(i.HAL_SPI_TransmitReceive)
    i.HAL_SYSTICK_Config                     0x08003518   Section        0  stm32f1xx_hal_cortex.o(i.HAL_SYSTICK_Config)
    i.HAL_TIMEx_BreakCallback                0x0800354c   Section        0  stm32f1xx_hal_tim_ex.o(i.HAL_TIMEx_BreakCallback)
    i.HAL_TIMEx_CommutCallback               0x0800354e   Section        0  stm32f1xx_hal_tim_ex.o(i.HAL_TIMEx_CommutCallback)
    i.HAL_TIMEx_MasterConfigSynchronization  0x08003550   Section        0  stm32f1xx_hal_tim_ex.o(i.HAL_TIMEx_MasterConfigSynchronization)
    i.HAL_TIM_Base_Init                      0x080035d4   Section        0  stm32f1xx_hal_tim.o(i.HAL_TIM_Base_Init)
    i.HAL_TIM_Base_MspInit                   0x0800363c   Section        0  stm32f1xx_hal_msp.o(i.HAL_TIM_Base_MspInit)
    i.HAL_TIM_Base_Start_IT                  0x0800367c   Section        0  stm32f1xx_hal_tim.o(i.HAL_TIM_Base_Start_IT)
    i.HAL_TIM_ConfigClockSource              0x080036f4   Section        0  stm32f1xx_hal_tim.o(i.HAL_TIM_ConfigClockSource)
    i.HAL_TIM_IC_CaptureCallback             0x080037fc   Section        0  stm32f1xx_hal_tim.o(i.HAL_TIM_IC_CaptureCallback)
    i.HAL_TIM_IRQHandler                     0x080037fe   Section        0  stm32f1xx_hal_tim.o(i.HAL_TIM_IRQHandler)
    i.HAL_TIM_OC_DelayElapsedCallback        0x08003994   Section        0  stm32f1xx_hal_tim.o(i.HAL_TIM_OC_DelayElapsedCallback)
    i.HAL_TIM_PWM_PulseFinishedCallback      0x08003996   Section        0  stm32f1xx_hal_tim.o(i.HAL_TIM_PWM_PulseFinishedCallback)
    i.HAL_TIM_PeriodElapsedCallback          0x08003998   Section        0  main.o(i.HAL_TIM_PeriodElapsedCallback)
    i.HAL_TIM_TriggerCallback                0x08003b5c   Section        0  stm32f1xx_hal_tim.o(i.HAL_TIM_TriggerCallback)
    i.HAL_UARTEx_RxEventCallback             0x08003b5e   Section        0  stm32f1xx_hal_uart.o(i.HAL_UARTEx_RxEventCallback)
    i.HAL_UART_ErrorCallback                 0x08003b60   Section        0  stm32f1xx_hal_uart.o(i.HAL_UART_ErrorCallback)
    i.HAL_UART_IRQHandler                    0x08003b64   Section        0  stm32f1xx_hal_uart.o(i.HAL_UART_IRQHandler)
    i.HAL_UART_Init                          0x08003db0   Section        0  stm32f1xx_hal_uart.o(i.HAL_UART_Init)
    i.HAL_UART_MspInit                       0x08003e24   Section        0  stm32f1xx_hal_msp.o(i.HAL_UART_MspInit)
    i.HAL_UART_Receive_IT                    0x08003ebc   Section        0  stm32f1xx_hal_uart.o(i.HAL_UART_Receive_IT)
    i.HAL_UART_RxCpltCallback                0x08003f00   Section        0  main.o(i.HAL_UART_RxCpltCallback)
    i.HAL_UART_Transmit_IT                   0x0800401c   Section        0  stm32f1xx_hal_uart.o(i.HAL_UART_Transmit_IT)
    i.HAL_UART_TxCpltCallback                0x08004074   Section        0  main.o(i.HAL_UART_TxCpltCallback)
    i.HardFault_Handler                      0x08004076   Section        0  stm32f1xx_it.o(i.HardFault_Handler)
    i.I2C_IsAcknowledgeFailed                0x0800407a   Section        0  stm32f1xx_hal_i2c.o(i.I2C_IsAcknowledgeFailed)
    I2C_IsAcknowledgeFailed                  0x0800407b   Thumb Code    62  stm32f1xx_hal_i2c.o(i.I2C_IsAcknowledgeFailed)
    i.I2C_MasterRequestWrite                 0x080040b8   Section        0  stm32f1xx_hal_i2c.o(i.I2C_MasterRequestWrite)
    I2C_MasterRequestWrite                   0x080040b9   Thumb Code   186  stm32f1xx_hal_i2c.o(i.I2C_MasterRequestWrite)
    i.I2C_WaitOnBTFFlagUntilTimeout          0x08004178   Section        0  stm32f1xx_hal_i2c.o(i.I2C_WaitOnBTFFlagUntilTimeout)
    I2C_WaitOnBTFFlagUntilTimeout            0x08004179   Thumb Code    92  stm32f1xx_hal_i2c.o(i.I2C_WaitOnBTFFlagUntilTimeout)
    i.I2C_WaitOnFlagUntilTimeout             0x080041d4   Section        0  stm32f1xx_hal_i2c.o(i.I2C_WaitOnFlagUntilTimeout)
    I2C_WaitOnFlagUntilTimeout               0x080041d5   Thumb Code   134  stm32f1xx_hal_i2c.o(i.I2C_WaitOnFlagUntilTimeout)
    i.I2C_WaitOnMasterAddressFlagUntilTimeout 0x0800425a   Section        0  stm32f1xx_hal_i2c.o(i.I2C_WaitOnMasterAddressFlagUntilTimeout)
    I2C_WaitOnMasterAddressFlagUntilTimeout  0x0800425b   Thumb Code   196  stm32f1xx_hal_i2c.o(i.I2C_WaitOnMasterAddressFlagUntilTimeout)
    i.I2C_WaitOnTXEFlagUntilTimeout          0x0800431e   Section        0  stm32f1xx_hal_i2c.o(i.I2C_WaitOnTXEFlagUntilTimeout)
    I2C_WaitOnTXEFlagUntilTimeout            0x0800431f   Thumb Code    92  stm32f1xx_hal_i2c.o(i.I2C_WaitOnTXEFlagUntilTimeout)
    i.LCD_display                            0x0800437c   Section        0  main.o(i.LCD_display)
    i.MX_ADC1_Init                           0x08004540   Section        0  main.o(i.MX_ADC1_Init)
    MX_ADC1_Init                             0x08004541   Thumb Code    86  main.o(i.MX_ADC1_Init)
    i.MX_DMA_Init                            0x080045a0   Section        0  main.o(i.MX_DMA_Init)
    MX_DMA_Init                              0x080045a1   Thumb Code    48  main.o(i.MX_DMA_Init)
    i.MX_GPIO_Init                           0x080045d4   Section        0  main.o(i.MX_GPIO_Init)
    MX_GPIO_Init                             0x080045d5   Thumb Code   292  main.o(i.MX_GPIO_Init)
    i.MX_I2C1_Init                           0x0800470c   Section        0  main.o(i.MX_I2C1_Init)
    MX_I2C1_Init                             0x0800470d   Thumb Code    48  main.o(i.MX_I2C1_Init)
    i.MX_SPI1_Init                           0x08004748   Section        0  main.o(i.MX_SPI1_Init)
    MX_SPI1_Init                             0x08004749   Thumb Code    64  main.o(i.MX_SPI1_Init)
    i.MX_SPI2_Init                           0x08004790   Section        0  main.o(i.MX_SPI2_Init)
    MX_SPI2_Init                             0x08004791   Thumb Code    58  main.o(i.MX_SPI2_Init)
    i.MX_TIM2_Init                           0x080047d4   Section        0  main.o(i.MX_TIM2_Init)
    MX_TIM2_Init                             0x080047d5   Thumb Code   104  main.o(i.MX_TIM2_Init)
    i.MX_USART1_UART_Init                    0x08004840   Section        0  main.o(i.MX_USART1_UART_Init)
    MX_USART1_UART_Init                      0x08004841   Thumb Code    62  main.o(i.MX_USART1_UART_Init)
    i.MemManage_Handler                      0x08004888   Section        0  stm32f1xx_it.o(i.MemManage_Handler)
    i.NMI_Handler                            0x0800488c   Section        0  stm32f1xx_it.o(i.NMI_Handler)
    i.PendSV_Handler                         0x08004890   Section        0  stm32f1xx_it.o(i.PendSV_Handler)
    i.RCC_Delay                              0x08004894   Section        0  stm32f1xx_hal_rcc.o(i.RCC_Delay)
    RCC_Delay                                0x08004895   Thumb Code    36  stm32f1xx_hal_rcc.o(i.RCC_Delay)
    i.Read_ADE24                             0x080048bc   Section        0  main.o(i.Read_ADE24)
    i.SPI_EndRxTxTransaction                 0x08004918   Section        0  stm32f1xx_hal_spi.o(i.SPI_EndRxTxTransaction)
    SPI_EndRxTxTransaction                   0x08004919   Thumb Code    40  stm32f1xx_hal_spi.o(i.SPI_EndRxTxTransaction)
    i.SPI_WaitFlagStateUntilTimeout          0x08004940   Section        0  stm32f1xx_hal_spi.o(i.SPI_WaitFlagStateUntilTimeout)
    SPI_WaitFlagStateUntilTimeout            0x08004941   Thumb Code   210  stm32f1xx_hal_spi.o(i.SPI_WaitFlagStateUntilTimeout)
    i.SVC_Handler                            0x08004a18   Section        0  stm32f1xx_it.o(i.SVC_Handler)
    i.SysTick_Handler                        0x08004a1a   Section        0  stm32f1xx_it.o(i.SysTick_Handler)
    i.SystemClock_Config                     0x08004a22   Section        0  main.o(i.SystemClock_Config)
    i.SystemInit                             0x08004aa2   Section        0  system_stm32f1xx.o(i.SystemInit)
    i.TIM2_IRQHandler                        0x08004aa4   Section        0  stm32f1xx_it.o(i.TIM2_IRQHandler)
    i.TIM_Base_SetConfig                     0x08004ab4   Section        0  stm32f1xx_hal_tim.o(i.TIM_Base_SetConfig)
    i.TIM_ETR_SetConfig                      0x08004b28   Section        0  stm32f1xx_hal_tim.o(i.TIM_ETR_SetConfig)
    i.TIM_ITRx_SetConfig                     0x08004b3e   Section        0  stm32f1xx_hal_tim.o(i.TIM_ITRx_SetConfig)
    TIM_ITRx_SetConfig                       0x08004b3f   Thumb Code    18  stm32f1xx_hal_tim.o(i.TIM_ITRx_SetConfig)
    i.TIM_TI1_ConfigInputStage               0x08004b50   Section        0  stm32f1xx_hal_tim.o(i.TIM_TI1_ConfigInputStage)
    TIM_TI1_ConfigInputStage                 0x08004b51   Thumb Code    38  stm32f1xx_hal_tim.o(i.TIM_TI1_ConfigInputStage)
    i.TIM_TI2_ConfigInputStage               0x08004b76   Section        0  stm32f1xx_hal_tim.o(i.TIM_TI2_ConfigInputStage)
    TIM_TI2_ConfigInputStage                 0x08004b77   Thumb Code    40  stm32f1xx_hal_tim.o(i.TIM_TI2_ConfigInputStage)
    i.UART_DMAAbortOnError                   0x08004b9e   Section        0  stm32f1xx_hal_uart.o(i.UART_DMAAbortOnError)
    UART_DMAAbortOnError                     0x08004b9f   Thumb Code    20  stm32f1xx_hal_uart.o(i.UART_DMAAbortOnError)
    i.UART_EndRxTransfer                     0x08004bb2   Section        0  stm32f1xx_hal_uart.o(i.UART_EndRxTransfer)
    UART_EndRxTransfer                       0x08004bb3   Thumb Code    54  stm32f1xx_hal_uart.o(i.UART_EndRxTransfer)
    i.UART_EndTransmit_IT                    0x08004be8   Section        0  stm32f1xx_hal_uart.o(i.UART_EndTransmit_IT)
    UART_EndTransmit_IT                      0x08004be9   Thumb Code    32  stm32f1xx_hal_uart.o(i.UART_EndTransmit_IT)
    i.UART_Receive_IT                        0x08004c08   Section        0  stm32f1xx_hal_uart.o(i.UART_Receive_IT)
    UART_Receive_IT                          0x08004c09   Thumb Code   228  stm32f1xx_hal_uart.o(i.UART_Receive_IT)
    i.UART_SetConfig                         0x08004cec   Section        0  stm32f1xx_hal_uart.o(i.UART_SetConfig)
    UART_SetConfig                           0x08004ced   Thumb Code   248  stm32f1xx_hal_uart.o(i.UART_SetConfig)
    i.UART_Start_Receive_IT                  0x08004de8   Section        0  stm32f1xx_hal_uart.o(i.UART_Start_Receive_IT)
    i.UART_Transmit_IT                       0x08004e2e   Section        0  stm32f1xx_hal_uart.o(i.UART_Transmit_IT)
    UART_Transmit_IT                         0x08004e2f   Thumb Code    96  stm32f1xx_hal_uart.o(i.UART_Transmit_IT)
    i.USART1_IRQHandler                      0x08004e90   Section        0  stm32f1xx_it.o(i.USART1_IRQHandler)
    i.UsageFault_Handler                     0x08004ea0   Section        0  stm32f1xx_it.o(i.UsageFault_Handler)
    i.__ARM_fpclassify                       0x08004ea4   Section        0  fpclassify.o(i.__ARM_fpclassify)
    i.__NVIC_GetPriorityGrouping             0x08004ecc   Section        0  stm32f1xx_hal_cortex.o(i.__NVIC_GetPriorityGrouping)
    __NVIC_GetPriorityGrouping               0x08004ecd   Thumb Code    10  stm32f1xx_hal_cortex.o(i.__NVIC_GetPriorityGrouping)
    i.__NVIC_SetPriority                     0x08004edc   Section        0  stm32f1xx_hal_cortex.o(i.__NVIC_SetPriority)
    __NVIC_SetPriority                       0x08004edd   Thumb Code    32  stm32f1xx_hal_cortex.o(i.__NVIC_SetPriority)
    i._is_digit                              0x08004f04   Section        0  __printf_wp.o(i._is_digit)
    i.doc_vacquy                             0x08004f14   Section        0  main.o(i.doc_vacquy)
    i.lcd_init                               0x08004f58   Section        0  i2c-lcd.o(i.lcd_init)
    i.lcd_put_cur                            0x08004fce   Section        0  i2c-lcd.o(i.lcd_put_cur)
    i.lcd_send_cmd                           0x08004ff4   Section        0  i2c-lcd.o(i.lcd_send_cmd)
    i.lcd_send_data                          0x08005038   Section        0  i2c-lcd.o(i.lcd_send_data)
    i.lcd_send_string                        0x0800507c   Section        0  i2c-lcd.o(i.lcd_send_string)
    i.main                                   0x08005094   Section        0  main.o(i.main)
    locale$$code                             0x08005318   Section       44  lc_numeric_c.o(locale$$code)
    x$fpl$d2f                                0x08005344   Section       98  d2f.o(x$fpl$d2f)
    x$fpl$dcmpinf                            0x080053a6   Section       24  dcmpi.o(x$fpl$dcmpinf)
    x$fpl$ddiv                               0x080053c0   Section      688  ddiv.o(x$fpl$ddiv)
    ddiv_entry                               0x080053c7   Thumb Code     0  ddiv.o(x$fpl$ddiv)
    x$fpl$dfltu                              0x08005670   Section       38  dflt_clz.o(x$fpl$dfltu)
    x$fpl$dleqf                              0x08005698   Section      120  dleqf.o(x$fpl$dleqf)
    x$fpl$dmul                               0x08005710   Section      340  dmul.o(x$fpl$dmul)
    x$fpl$dnaninf                            0x08005864   Section      156  dnaninf.o(x$fpl$dnaninf)
    x$fpl$dretinf                            0x08005900   Section       12  dretinf.o(x$fpl$dretinf)
    x$fpl$drleqf                             0x0800590c   Section      108  drleqf.o(x$fpl$drleqf)
    x$fpl$f2d                                0x08005978   Section       86  f2d.o(x$fpl$f2d)
    x$fpl$fdiv                               0x080059d0   Section      388  fdiv.o(x$fpl$fdiv)
    _fdiv1                                   0x080059d1   Thumb Code     0  fdiv.o(x$fpl$fdiv)
    x$fpl$ffix                               0x08005b54   Section       54  ffix.o(x$fpl$ffix)
    x$fpl$ffltu                              0x08005b8c   Section       38  fflt_clz.o(x$fpl$ffltu)
    x$fpl$fmul                               0x08005bb4   Section      258  fmul.o(x$fpl$fmul)
    x$fpl$fnaninf                            0x08005cb6   Section      140  fnaninf.o(x$fpl$fnaninf)
    x$fpl$fretinf                            0x08005d42   Section       10  fretinf.o(x$fpl$fretinf)
    x$fpl$printf1                            0x08005d4c   Section        4  printf1.o(x$fpl$printf1)
    .constdata                               0x08005d50   Section       24  system_stm32f1xx.o(.constdata)
    x$fpl$usenofp                            0x08005d50   Section        0  usenofp.o(x$fpl$usenofp)
    .constdata                               0x08005d68   Section       17  __printf_flags_wp.o(.constdata)
    maptable                                 0x08005d68   Data          17  __printf_flags_wp.o(.constdata)
    .constdata                               0x08005d7c   Section      148  bigflt0.o(.constdata)
    tenpwrs_x                                0x08005d7c   Data          60  bigflt0.o(.constdata)
    tenpwrs_i                                0x08005db8   Data          64  bigflt0.o(.constdata)
    locale$$data                             0x08005e30   Section       28  lc_numeric_c.o(locale$$data)
    __lcnum_c_name                           0x08005e34   Data           2  lc_numeric_c.o(locale$$data)
    __lcnum_c_start                          0x08005e3c   Data           0  lc_numeric_c.o(locale$$data)
    __lcnum_c_point                          0x08005e48   Data           0  lc_numeric_c.o(locale$$data)
    __lcnum_c_thousands                      0x08005e4a   Data           0  lc_numeric_c.o(locale$$data)
    __lcnum_c_grouping                       0x08005e4b   Data           0  lc_numeric_c.o(locale$$data)
    __lcnum_c_end                            0x08005e4c   Data           0  lc_numeric_c.o(locale$$data)
    .data                                    0x20000000   Section       84  main.o(.data)
    .data                                    0x20000054   Section        9  stm32f1xx_hal.o(.data)
    .data                                    0x20000060   Section        4  system_stm32f1xx.o(.data)
    .bss                                     0x20000064   Section      600  main.o(.bss)
    .bss                                     0x200002bc   Section       96  libspace.o(.bss)
    HEAP                                     0x20000320   Section      512  startup_stm32f103xb.o(HEAP)
    Heap_Mem                                 0x20000320   Data         512  startup_stm32f103xb.o(HEAP)
    STACK                                    0x20000520   Section     1024  startup_stm32f103xb.o(STACK)
    Stack_Mem                                0x20000520   Data        1024  startup_stm32f103xb.o(STACK)
    __initial_sp                             0x20000920   Data           0  startup_stm32f103xb.o(STACK)

    Global Symbols

    Symbol Name                              Value     Ov Type        Size  Object(Section)

    BuildAttributes$$THM_ISAv4$P$D$K$B$S$PE$A:L22UL41UL21$X:L11$S22US41US21$IEEE1$IW$USESV6$~STKCKD$USESV7$~SHL$OTIME$ROPI$IEEEJ$EBA8$UX$STANDARDLIB$REQ8$PRES8$EABIv2 0x00000000   Number         0  anon$$obj.o ABSOLUTE
    __ARM_use_no_argv                        0x00000000   Number         0  main.o ABSOLUTE
    _printf_flags                            0x00000000   Number         0  printf_stubs.o ABSOLUTE
    _printf_return_value                     0x00000000   Number         0  printf_stubs.o ABSOLUTE
    _printf_sizespec                         0x00000000   Number         0  printf_stubs.o ABSOLUTE
    _printf_widthprec                        0x00000000   Number         0  printf_stubs.o ABSOLUTE
    __ARM_exceptions_init                     - Undefined Weak Reference
    __alloca_initialize                       - Undefined Weak Reference
    __arm_preinit_                            - Undefined Weak Reference
    __cpp_initialize__aeabi_                  - Undefined Weak Reference
    __cxa_finalize                            - Undefined Weak Reference
    __sigvec_lookup                           - Undefined Weak Reference
    _atexit_init                              - Undefined Weak Reference
    _call_atexit_fns                          - Undefined Weak Reference
    _clock_init                               - Undefined Weak Reference
    _fp_trap_init                             - Undefined Weak Reference
    _fp_trap_shutdown                         - Undefined Weak Reference
    _get_lc_collate                           - Undefined Weak Reference
    _get_lc_ctype                             - Undefined Weak Reference
    _get_lc_monetary                          - Undefined Weak Reference
    _get_lc_time                              - Undefined Weak Reference
    _getenv_init                              - Undefined Weak Reference
    _handle_redirection                       - Undefined Weak Reference
    _init_alloc                               - Undefined Weak Reference
    _init_user_alloc                          - Undefined Weak Reference
    _initio                                   - Undefined Weak Reference
    _printf_truncate_signed                   - Undefined Weak Reference
    _printf_truncate_unsigned                 - Undefined Weak Reference
    _rand_init                                - Undefined Weak Reference
    _signal_finish                            - Undefined Weak Reference
    _signal_init                              - Undefined Weak Reference
    _terminate_alloc                          - Undefined Weak Reference
    _terminate_user_alloc                     - Undefined Weak Reference
    _terminateio                              - Undefined Weak Reference
    __Vectors_Size                           0x000000ec   Number         0  startup_stm32f103xb.o ABSOLUTE
    __Vectors                                0x08000000   Data           4  startup_stm32f103xb.o(RESET)
    __Vectors_End                            0x080000ec   Data           0  startup_stm32f103xb.o(RESET)
    __main                                   0x080000ed   Thumb Code     8  __main.o(!!!main)
    __scatterload                            0x080000f5   Thumb Code     0  __scatter.o(!!!scatter)
    __scatterload_rt2                        0x080000f5   Thumb Code    44  __scatter.o(!!!scatter)
    __scatterload_rt2_thumb_only             0x080000f5   Thumb Code     0  __scatter.o(!!!scatter)
    __scatterload_null                       0x08000103   Thumb Code     0  __scatter.o(!!!scatter)
    __scatterload_copy                       0x08000129   Thumb Code    26  __scatter_copy.o(!!handler_copy)
    __scatterload_zeroinit                   0x08000145   Thumb Code    28  __scatter_zi.o(!!handler_zi)
    _printf_f                                0x08000161   Thumb Code     0  _printf_f.o(.ARM.Collect$$_printf_percent$$00000003)
    _printf_percent                          0x08000161   Thumb Code     0  _printf_percent.o(.ARM.Collect$$_printf_percent$$00000000)
    _printf_d                                0x08000167   Thumb Code     0  _printf_d.o(.ARM.Collect$$_printf_percent$$00000009)
    _printf_percent_end                      0x0800016d   Thumb Code     0  _printf_percent_end.o(.ARM.Collect$$_printf_percent$$00000017)
    __rt_lib_init                            0x08000171   Thumb Code     0  libinit.o(.ARM.Collect$$libinit$$00000000)
    __rt_lib_init_fp_1                       0x08000173   Thumb Code     0  libinit2.o(.ARM.Collect$$libinit$$00000002)
    __rt_lib_init_heap_1                     0x08000173   Thumb Code     0  libinit2.o(.ARM.Collect$$libinit$$0000000A)
    __rt_lib_init_lc_common                  0x08000173   Thumb Code     0  libinit2.o(.ARM.Collect$$libinit$$0000000F)
    __rt_lib_init_preinit_1                  0x08000173   Thumb Code     0  libinit2.o(.ARM.Collect$$libinit$$00000004)
    __rt_lib_init_rand_1                     0x08000173   Thumb Code     0  libinit2.o(.ARM.Collect$$libinit$$0000000E)
    __rt_lib_init_user_alloc_1               0x08000173   Thumb Code     0  libinit2.o(.ARM.Collect$$libinit$$0000000C)
    __rt_lib_init_lc_collate_1               0x08000179   Thumb Code     0  libinit2.o(.ARM.Collect$$libinit$$00000011)
    __rt_lib_init_lc_ctype_1                 0x08000179   Thumb Code     0  libinit2.o(.ARM.Collect$$libinit$$00000013)
    __rt_lib_init_lc_monetary_1              0x08000179   Thumb Code     0  libinit2.o(.ARM.Collect$$libinit$$00000015)
    __rt_lib_init_lc_numeric_2               0x08000179   Thumb Code     0  libinit2.o(.ARM.Collect$$libinit$$00000016)
    __rt_lib_init_alloca_1                   0x08000183   Thumb Code     0  libinit2.o(.ARM.Collect$$libinit$$0000002E)
    __rt_lib_init_argv_1                     0x08000183   Thumb Code     0  libinit2.o(.ARM.Collect$$libinit$$0000002C)
    __rt_lib_init_atexit_1                   0x08000183   Thumb Code     0  libinit2.o(.ARM.Collect$$libinit$$0000001B)
    __rt_lib_init_clock_1                    0x08000183   Thumb Code     0  libinit2.o(.ARM.Collect$$libinit$$00000021)
    __rt_lib_init_cpp_1                      0x08000183   Thumb Code     0  libinit2.o(.ARM.Collect$$libinit$$00000032)
    __rt_lib_init_exceptions_1               0x08000183   Thumb Code     0  libinit2.o(.ARM.Collect$$libinit$$00000030)
    __rt_lib_init_fp_trap_1                  0x08000183   Thumb Code     0  libinit2.o(.ARM.Collect$$libinit$$0000001F)
    __rt_lib_init_getenv_1                   0x08000183   Thumb Code     0  libinit2.o(.ARM.Collect$$libinit$$00000023)
    __rt_lib_init_lc_numeric_1               0x08000183   Thumb Code     0  libinit2.o(.ARM.Collect$$libinit$$00000017)
    __rt_lib_init_lc_time_1                  0x08000183   Thumb Code     0  libinit2.o(.ARM.Collect$$libinit$$00000019)
    __rt_lib_init_return                     0x08000183   Thumb Code     0  libinit2.o(.ARM.Collect$$libinit$$00000033)
    __rt_lib_init_signal_1                   0x08000183   Thumb Code     0  libinit2.o(.ARM.Collect$$libinit$$0000001D)
    __rt_lib_init_stdio_1                    0x08000183   Thumb Code     0  libinit2.o(.ARM.Collect$$libinit$$00000025)
    __rt_lib_shutdown                        0x08000185   Thumb Code     0  libshutdown.o(.ARM.Collect$$libshutdown$$00000000)
    __rt_lib_shutdown_cpp_1                  0x08000187   Thumb Code     0  libshutdown2.o(.ARM.Collect$$libshutdown$$00000002)
    __rt_lib_shutdown_fp_trap_1              0x08000187   Thumb Code     0  libshutdown2.o(.ARM.Collect$$libshutdown$$00000007)
    __rt_lib_shutdown_heap_1                 0x08000187   Thumb Code     0  libshutdown2.o(.ARM.Collect$$libshutdown$$0000000F)
    __rt_lib_shutdown_return                 0x08000187   Thumb Code     0  libshutdown2.o(.ARM.Collect$$libshutdown$$00000010)
    __rt_lib_shutdown_signal_1               0x08000187   Thumb Code     0  libshutdown2.o(.ARM.Collect$$libshutdown$$0000000A)
    __rt_lib_shutdown_stdio_1                0x08000187   Thumb Code     0  libshutdown2.o(.ARM.Collect$$libshutdown$$00000004)
    __rt_lib_shutdown_user_alloc_1           0x08000187   Thumb Code     0  libshutdown2.o(.ARM.Collect$$libshutdown$$0000000C)
    __rt_entry                               0x08000189   Thumb Code     0  __rtentry.o(.ARM.Collect$$rtentry$$00000000)
    __rt_entry_presh_1                       0x08000189   Thumb Code     0  __rtentry2.o(.ARM.Collect$$rtentry$$00000002)
    __rt_entry_sh                            0x08000189   Thumb Code     0  __rtentry4.o(.ARM.Collect$$rtentry$$00000004)
    __rt_entry_li                            0x0800018f   Thumb Code     0  __rtentry2.o(.ARM.Collect$$rtentry$$0000000A)
    __rt_entry_postsh_1                      0x0800018f   Thumb Code     0  __rtentry2.o(.ARM.Collect$$rtentry$$00000009)
    __rt_entry_main                          0x08000193   Thumb Code     0  __rtentry2.o(.ARM.Collect$$rtentry$$0000000D)
    __rt_entry_postli_1                      0x08000193   Thumb Code     0  __rtentry2.o(.ARM.Collect$$rtentry$$0000000C)
    __rt_exit                                0x0800019b   Thumb Code     0  rtexit.o(.ARM.Collect$$rtexit$$00000000)
    __rt_exit_ls                             0x0800019d   Thumb Code     0  rtexit2.o(.ARM.Collect$$rtexit$$00000003)
    __rt_exit_prels_1                        0x0800019d   Thumb Code     0  rtexit2.o(.ARM.Collect$$rtexit$$00000002)
    __rt_exit_exit                           0x080001a1   Thumb Code     0  rtexit2.o(.ARM.Collect$$rtexit$$00000004)
    Reset_Handler                            0x080001a9   Thumb Code     8  startup_stm32f103xb.o(.text)
    ADC1_2_IRQHandler                        0x080001c3   Thumb Code     0  startup_stm32f103xb.o(.text)
    CAN1_RX1_IRQHandler                      0x080001c3   Thumb Code     0  startup_stm32f103xb.o(.text)
    CAN1_SCE_IRQHandler                      0x080001c3   Thumb Code     0  startup_stm32f103xb.o(.text)
    DMA1_Channel2_IRQHandler                 0x080001c3   Thumb Code     0  startup_stm32f103xb.o(.text)
    DMA1_Channel3_IRQHandler                 0x080001c3   Thumb Code     0  startup_stm32f103xb.o(.text)
    DMA1_Channel4_IRQHandler                 0x080001c3   Thumb Code     0  startup_stm32f103xb.o(.text)
    DMA1_Channel5_IRQHandler                 0x080001c3   Thumb Code     0  startup_stm32f103xb.o(.text)
    DMA1_Channel6_IRQHandler                 0x080001c3   Thumb Code     0  startup_stm32f103xb.o(.text)
    DMA1_Channel7_IRQHandler                 0x080001c3   Thumb Code     0  startup_stm32f103xb.o(.text)
    EXTI0_IRQHandler                         0x080001c3   Thumb Code     0  startup_stm32f103xb.o(.text)
    EXTI15_10_IRQHandler                     0x080001c3   Thumb Code     0  startup_stm32f103xb.o(.text)
    EXTI1_IRQHandler                         0x080001c3   Thumb Code     0  startup_stm32f103xb.o(.text)
    EXTI2_IRQHandler                         0x080001c3   Thumb Code     0  startup_stm32f103xb.o(.text)
    EXTI3_IRQHandler                         0x080001c3   Thumb Code     0  startup_stm32f103xb.o(.text)
    EXTI4_IRQHandler                         0x080001c3   Thumb Code     0  startup_stm32f103xb.o(.text)
    FLASH_IRQHandler                         0x080001c3   Thumb Code     0  startup_stm32f103xb.o(.text)
    I2C1_ER_IRQHandler                       0x080001c3   Thumb Code     0  startup_stm32f103xb.o(.text)
    I2C1_EV_IRQHandler                       0x080001c3   Thumb Code     0  startup_stm32f103xb.o(.text)
    I2C2_ER_IRQHandler                       0x080001c3   Thumb Code     0  startup_stm32f103xb.o(.text)
    I2C2_EV_IRQHandler                       0x080001c3   Thumb Code     0  startup_stm32f103xb.o(.text)
    PVD_IRQHandler                           0x080001c3   Thumb Code     0  startup_stm32f103xb.o(.text)
    RCC_IRQHandler                           0x080001c3   Thumb Code     0  startup_stm32f103xb.o(.text)
    RTC_Alarm_IRQHandler                     0x080001c3   Thumb Code     0  startup_stm32f103xb.o(.text)
    RTC_IRQHandler                           0x080001c3   Thumb Code     0  startup_stm32f103xb.o(.text)
    SPI1_IRQHandler                          0x080001c3   Thumb Code     0  startup_stm32f103xb.o(.text)
    SPI2_IRQHandler                          0x080001c3   Thumb Code     0  startup_stm32f103xb.o(.text)
    TAMPER_IRQHandler                        0x080001c3   Thumb Code     0  startup_stm32f103xb.o(.text)
    TIM1_BRK_IRQHandler                      0x080001c3   Thumb Code     0  startup_stm32f103xb.o(.text)
    TIM1_CC_IRQHandler                       0x080001c3   Thumb Code     0  startup_stm32f103xb.o(.text)
    TIM1_TRG_COM_IRQHandler                  0x080001c3   Thumb Code     0  startup_stm32f103xb.o(.text)
    TIM1_UP_IRQHandler                       0x080001c3   Thumb Code     0  startup_stm32f103xb.o(.text)
    TIM3_IRQHandler                          0x080001c3   Thumb Code     0  startup_stm32f103xb.o(.text)
    TIM4_IRQHandler                          0x080001c3   Thumb Code     0  startup_stm32f103xb.o(.text)
    USART2_IRQHandler                        0x080001c3   Thumb Code     0  startup_stm32f103xb.o(.text)
    USART3_IRQHandler                        0x080001c3   Thumb Code     0  startup_stm32f103xb.o(.text)
    USBWakeUp_IRQHandler                     0x080001c3   Thumb Code     0  startup_stm32f103xb.o(.text)
    USB_HP_CAN1_TX_IRQHandler                0x080001c3   Thumb Code     0  startup_stm32f103xb.o(.text)
    USB_LP_CAN1_RX0_IRQHandler               0x080001c3   Thumb Code     0  startup_stm32f103xb.o(.text)
    WWDG_IRQHandler                          0x080001c3   Thumb Code     0  startup_stm32f103xb.o(.text)
    __user_initial_stackheap                 0x080001c5   Thumb Code     0  startup_stm32f103xb.o(.text)
    __2sprintf                               0x080001e9   Thumb Code    34  noretval__2sprintf.o(.text)
    _printf_pre_padding                      0x08000211   Thumb Code    44  _printf_pad.o(.text)
    _printf_post_padding                     0x0800023d   Thumb Code    34  _printf_pad.o(.text)
    _printf_int_dec                          0x08000261   Thumb Code   104  _printf_dec.o(.text)
    __printf                                 0x080002d9   Thumb Code   308  __printf_flags_wp.o(.text)
    __aeabi_memclr4                          0x08000411   Thumb Code     0  rt_memclr_w.o(.text)
    __aeabi_memclr8                          0x08000411   Thumb Code     0  rt_memclr_w.o(.text)
    __rt_memclr_w                            0x08000411   Thumb Code    78  rt_memclr_w.o(.text)
    _memset_w                                0x08000415   Thumb Code     0  rt_memclr_w.o(.text)
    __use_two_region_memory                  0x0800045f   Thumb Code     2  heapauxi.o(.text)
    __rt_heap_escrow$2region                 0x08000461   Thumb Code     2  heapauxi.o(.text)
    __rt_heap_expand$2region                 0x08000463   Thumb Code     2  heapauxi.o(.text)
    _printf_int_common                       0x08000465   Thumb Code   178  _printf_intcommon.o(.text)
    __lib_sel_fp_printf                      0x08000517   Thumb Code     2  _printf_fp_dec.o(.text)
    _printf_fp_dec_real                      0x080006c9   Thumb Code   620  _printf_fp_dec.o(.text)
    _printf_char_common                      0x0800093f   Thumb Code    32  _printf_char_common.o(.text)
    _sputc                                   0x08000965   Thumb Code    10  _sputc.o(.text)
    __rt_locale                              0x08000971   Thumb Code     8  rt_locale_intlibspace.o(.text)
    _ll_udiv10                               0x08000979   Thumb Code   138  lludiv10.o(.text)
    _printf_fp_infnan                        0x08000a05   Thumb Code   112  _printf_fp_infnan.o(.text)
    _btod_etento                             0x08000a85   Thumb Code   224  bigflt0.o(.text)
    __user_libspace                          0x08000b69   Thumb Code     8  libspace.o(.text)
    __user_perproc_libspace                  0x08000b69   Thumb Code     0  libspace.o(.text)
    __user_perthread_libspace                0x08000b69   Thumb Code     0  libspace.o(.text)
    __user_setup_stackheap                   0x08000b71   Thumb Code    74  sys_stackheap_outer.o(.text)
    exit                                     0x08000bbb   Thumb Code    18  exit.o(.text)
    strcmp                                   0x08000bcd   Thumb Code   128  strcmpv7m.o(.text)
    _sys_exit                                0x08000c4d   Thumb Code     8  sys_exit.o(.text)
    __I$use$semihosting                      0x08000c59   Thumb Code     0  use_no_semi.o(.text)
    __use_no_semihosting_swi                 0x08000c59   Thumb Code     2  use_no_semi.o(.text)
    __semihosting_library_function           0x08000c5b   Thumb Code     0  indicate_semi.o(.text)
    _btod_d2e                                0x08000c5b   Thumb Code    62  btod.o(CL$$btod_d2e)
    _d2e_denorm_low                          0x08000c99   Thumb Code    70  btod.o(CL$$btod_d2e_denorm_low)
    _d2e_norm_op1                            0x08000cdf   Thumb Code    96  btod.o(CL$$btod_d2e_norm_op1)
    __btod_div_common                        0x08000d3f   Thumb Code   696  btod.o(CL$$btod_div_common)
    _e2e                                     0x08001077   Thumb Code   220  btod.o(CL$$btod_e2e)
    _btod_ediv                               0x08001153   Thumb Code    42  btod.o(CL$$btod_ediv)
    _btod_emul                               0x0800117d   Thumb Code    42  btod.o(CL$$btod_emul)
    __btod_mult_common                       0x080011a7   Thumb Code   580  btod.o(CL$$btod_mult_common)
    ADC_ConversionStop_Disable               0x080013eb   Thumb Code    92  stm32f1xx_hal_adc.o(i.ADC_ConversionStop_Disable)
    ADC_DMAConvCplt                          0x08001447   Thumb Code    82  stm32f1xx_hal_adc.o(i.ADC_DMAConvCplt)
    ADC_DMAError                             0x08001499   Thumb Code    30  stm32f1xx_hal_adc.o(i.ADC_DMAError)
    ADC_DMAHalfConvCplt                      0x080014b7   Thumb Code    14  stm32f1xx_hal_adc.o(i.ADC_DMAHalfConvCplt)
    ADC_Enable                               0x080014c5   Thumb Code   134  stm32f1xx_hal_adc.o(i.ADC_Enable)
    BusFault_Handler                         0x08001555   Thumb Code     4  stm32f1xx_it.o(i.BusFault_Handler)
    DMA1_Channel1_IRQHandler                 0x08001559   Thumb Code    10  stm32f1xx_it.o(i.DMA1_Channel1_IRQHandler)
    DebugMon_Handler                         0x08001595   Thumb Code     2  stm32f1xx_it.o(i.DebugMon_Handler)
    EXTI9_5_IRQHandler                       0x08001597   Thumb Code    12  stm32f1xx_it.o(i.EXTI9_5_IRQHandler)
    Error_Handler                            0x080015a3   Thumb Code     6  main.o(i.Error_Handler)
    HAL_ADC_ConfigChannel                    0x080015a9   Thumb Code   338  stm32f1xx_hal_adc.o(i.HAL_ADC_ConfigChannel)
    HAL_ADC_ConvCpltCallback                 0x08001709   Thumb Code     2  stm32f1xx_hal_adc.o(i.HAL_ADC_ConvCpltCallback)
    HAL_ADC_ConvHalfCpltCallback             0x0800170b   Thumb Code     2  stm32f1xx_hal_adc.o(i.HAL_ADC_ConvHalfCpltCallback)
    HAL_ADC_ErrorCallback                    0x0800170d   Thumb Code     2  stm32f1xx_hal_adc.o(i.HAL_ADC_ErrorCallback)
    HAL_ADC_Init                             0x08001711   Thumb Code   314  stm32f1xx_hal_adc.o(i.HAL_ADC_Init)
    HAL_ADC_MspInit                          0x08001855   Thumb Code   154  stm32f1xx_hal_msp.o(i.HAL_ADC_MspInit)
    HAL_ADC_Start_DMA                        0x08001905   Thumb Code   362  stm32f1xx_hal_adc.o(i.HAL_ADC_Start_DMA)
    HAL_DMA_Abort                            0x08001a85   Thumb Code    86  stm32f1xx_hal_dma.o(i.HAL_DMA_Abort)
    HAL_DMA_Abort_IT                         0x08001add   Thumb Code   172  stm32f1xx_hal_dma.o(i.HAL_DMA_Abort_IT)
    HAL_DMA_IRQHandler                       0x08001b8d   Thumb Code   408  stm32f1xx_hal_dma.o(i.HAL_DMA_IRQHandler)
    HAL_DMA_Init                             0x08001d29   Thumb Code   100  stm32f1xx_hal_dma.o(i.HAL_DMA_Init)
    HAL_DMA_Start_IT                         0x08001d91   Thumb Code   156  stm32f1xx_hal_dma.o(i.HAL_DMA_Start_IT)
    HAL_Delay                                0x08001e2d   Thumb Code    36  stm32f1xx_hal.o(i.HAL_Delay)
    HAL_GPIO_EXTI_Callback                   0x08001e55   Thumb Code    64  main.o(i.HAL_GPIO_EXTI_Callback)
    HAL_GPIO_EXTI_IRQHandler                 0x08001ea5   Thumb Code    24  stm32f1xx_hal_gpio.o(i.HAL_GPIO_EXTI_IRQHandler)
    HAL_GPIO_Init                            0x08001ec1   Thumb Code   766  stm32f1xx_hal_gpio.o(i.HAL_GPIO_Init)
    HAL_GPIO_TogglePin                       0x080021e1   Thumb Code    20  stm32f1xx_hal_gpio.o(i.HAL_GPIO_TogglePin)
    HAL_GPIO_WritePin                        0x080021f5   Thumb Code    12  stm32f1xx_hal_gpio.o(i.HAL_GPIO_WritePin)
    HAL_GetTick                              0x08002201   Thumb Code     6  stm32f1xx_hal.o(i.HAL_GetTick)
    HAL_I2C_Init                             0x0800220d   Thumb Code   446  stm32f1xx_hal_i2c.o(i.HAL_I2C_Init)
    HAL_I2C_Master_Transmit                  0x080023dd   Thumb Code   360  stm32f1xx_hal_i2c.o(i.HAL_I2C_Master_Transmit)
    HAL_I2C_MspInit                          0x0800254d   Thumb Code   104  stm32f1xx_hal_msp.o(i.HAL_I2C_MspInit)
    HAL_IncTick                              0x080025c1   Thumb Code    16  stm32f1xx_hal.o(i.HAL_IncTick)
    HAL_Init                                 0x080025d9   Thumb Code    34  stm32f1xx_hal.o(i.HAL_Init)
    HAL_InitTick                             0x08002601   Thumb Code    64  stm32f1xx_hal.o(i.HAL_InitTick)
    HAL_MspInit                              0x0800264d   Thumb Code    76  stm32f1xx_hal_msp.o(i.HAL_MspInit)
    HAL_NVIC_ClearPendingIRQ                 0x080026a1   Thumb Code    30  stm32f1xx_hal_cortex.o(i.HAL_NVIC_ClearPendingIRQ)
    HAL_NVIC_EnableIRQ                       0x080026c5   Thumb Code    32  stm32f1xx_hal_cortex.o(i.HAL_NVIC_EnableIRQ)
    HAL_NVIC_SetPriority                     0x080026e5   Thumb Code   124  stm32f1xx_hal_cortex.o(i.HAL_NVIC_SetPriority)
    HAL_NVIC_SetPriorityGrouping             0x08002761   Thumb Code    32  stm32f1xx_hal_cortex.o(i.HAL_NVIC_SetPriorityGrouping)
    HAL_RCCEx_PeriphCLKConfig                0x08002789   Thumb Code   290  stm32f1xx_hal_rcc_ex.o(i.HAL_RCCEx_PeriphCLKConfig)
    HAL_RCC_ClockConfig                      0x080028b9   Thumb Code   376  stm32f1xx_hal_rcc.o(i.HAL_RCC_ClockConfig)
    HAL_RCC_GetHCLKFreq                      0x08002a45   Thumb Code     6  stm32f1xx_hal_rcc.o(i.HAL_RCC_GetHCLKFreq)
    HAL_RCC_GetPCLK1Freq                     0x08002a51   Thumb Code    22  stm32f1xx_hal_rcc.o(i.HAL_RCC_GetPCLK1Freq)
    HAL_RCC_GetPCLK2Freq                     0x08002a71   Thumb Code    22  stm32f1xx_hal_rcc.o(i.HAL_RCC_GetPCLK2Freq)
    HAL_RCC_GetSysClockFreq                  0x08002a91   Thumb Code   116  stm32f1xx_hal_rcc.o(i.HAL_RCC_GetSysClockFreq)
    HAL_RCC_OscConfig                        0x08002b25   Thumb Code  1114  stm32f1xx_hal_rcc.o(i.HAL_RCC_OscConfig)
    HAL_SPI_Init                             0x08002f89   Thumb Code   190  stm32f1xx_hal_spi.o(i.HAL_SPI_Init)
    HAL_SPI_MspInit                          0x08003049   Thumb Code   226  stm32f1xx_hal_msp.o(i.HAL_SPI_MspInit)
    HAL_SPI_Transmit                         0x08003141   Thumb Code   430  stm32f1xx_hal_spi.o(i.HAL_SPI_Transmit)
    HAL_SPI_TransmitReceive                  0x080032ef   Thumb Code   554  stm32f1xx_hal_spi.o(i.HAL_SPI_TransmitReceive)
    HAL_SYSTICK_Config                       0x08003519   Thumb Code    52  stm32f1xx_hal_cortex.o(i.HAL_SYSTICK_Config)
    HAL_TIMEx_BreakCallback                  0x0800354d   Thumb Code     2  stm32f1xx_hal_tim_ex.o(i.HAL_TIMEx_BreakCallback)
    HAL_TIMEx_CommutCallback                 0x0800354f   Thumb Code     2  stm32f1xx_hal_tim_ex.o(i.HAL_TIMEx_CommutCallback)
    HAL_TIMEx_MasterConfigSynchronization    0x08003551   Thumb Code   118  stm32f1xx_hal_tim_ex.o(i.HAL_TIMEx_MasterConfigSynchronization)
    HAL_TIM_Base_Init                        0x080035d5   Thumb Code   102  stm32f1xx_hal_tim.o(i.HAL_TIM_Base_Init)
    HAL_TIM_Base_MspInit                     0x0800363d   Thumb Code    58  stm32f1xx_hal_msp.o(i.HAL_TIM_Base_MspInit)
    HAL_TIM_Base_Start_IT                    0x0800367d   Thumb Code   106  stm32f1xx_hal_tim.o(i.HAL_TIM_Base_Start_IT)
    HAL_TIM_ConfigClockSource                0x080036f5   Thumb Code   264  stm32f1xx_hal_tim.o(i.HAL_TIM_ConfigClockSource)
    HAL_TIM_IC_CaptureCallback               0x080037fd   Thumb Code     2  stm32f1xx_hal_tim.o(i.HAL_TIM_IC_CaptureCallback)
    HAL_TIM_IRQHandler                       0x080037ff   Thumb Code   406  stm32f1xx_hal_tim.o(i.HAL_TIM_IRQHandler)
    HAL_TIM_OC_DelayElapsedCallback          0x08003995   Thumb Code     2  stm32f1xx_hal_tim.o(i.HAL_TIM_OC_DelayElapsedCallback)
    HAL_TIM_PWM_PulseFinishedCallback        0x08003997   Thumb Code     2  stm32f1xx_hal_tim.o(i.HAL_TIM_PWM_PulseFinishedCallback)
    HAL_TIM_PeriodElapsedCallback            0x08003999   Thumb Code   336  main.o(i.HAL_TIM_PeriodElapsedCallback)
    HAL_TIM_TriggerCallback                  0x08003b5d   Thumb Code     2  stm32f1xx_hal_tim.o(i.HAL_TIM_TriggerCallback)
    HAL_UARTEx_RxEventCallback               0x08003b5f   Thumb Code     2  stm32f1xx_hal_uart.o(i.HAL_UARTEx_RxEventCallback)
    HAL_UART_ErrorCallback                   0x08003b61   Thumb Code     2  stm32f1xx_hal_uart.o(i.HAL_UART_ErrorCallback)
    HAL_UART_IRQHandler                      0x08003b65   Thumb Code   582  stm32f1xx_hal_uart.o(i.HAL_UART_IRQHandler)
    HAL_UART_Init                            0x08003db1   Thumb Code   114  stm32f1xx_hal_uart.o(i.HAL_UART_Init)
    HAL_UART_MspInit                         0x08003e25   Thumb Code   138  stm32f1xx_hal_msp.o(i.HAL_UART_MspInit)
    HAL_UART_Receive_IT                      0x08003ebd   Thumb Code    66  stm32f1xx_hal_uart.o(i.HAL_UART_Receive_IT)
    HAL_UART_RxCpltCallback                  0x08003f01   Thumb Code   264  main.o(i.HAL_UART_RxCpltCallback)
    HAL_UART_Transmit_IT                     0x0800401d   Thumb Code    88  stm32f1xx_hal_uart.o(i.HAL_UART_Transmit_IT)
    HAL_UART_TxCpltCallback                  0x08004075   Thumb Code     2  main.o(i.HAL_UART_TxCpltCallback)
    HardFault_Handler                        0x08004077   Thumb Code     4  stm32f1xx_it.o(i.HardFault_Handler)
    LCD_display                              0x0800437d   Thumb Code   334  main.o(i.LCD_display)
    MemManage_Handler                        0x08004889   Thumb Code     4  stm32f1xx_it.o(i.MemManage_Handler)
    NMI_Handler                              0x0800488d   Thumb Code     4  stm32f1xx_it.o(i.NMI_Handler)
    PendSV_Handler                           0x08004891   Thumb Code     2  stm32f1xx_it.o(i.PendSV_Handler)
    Read_ADE24                               0x080048bd   Thumb Code    82  main.o(i.Read_ADE24)
    SVC_Handler                              0x08004a19   Thumb Code     2  stm32f1xx_it.o(i.SVC_Handler)
    SysTick_Handler                          0x08004a1b   Thumb Code     8  stm32f1xx_it.o(i.SysTick_Handler)
    SystemClock_Config                       0x08004a23   Thumb Code   128  main.o(i.SystemClock_Config)
    SystemInit                               0x08004aa3   Thumb Code     2  system_stm32f1xx.o(i.SystemInit)
    TIM2_IRQHandler                          0x08004aa5   Thumb Code    10  stm32f1xx_it.o(i.TIM2_IRQHandler)
    TIM_Base_SetConfig                       0x08004ab5   Thumb Code   104  stm32f1xx_hal_tim.o(i.TIM_Base_SetConfig)
    TIM_ETR_SetConfig                        0x08004b29   Thumb Code    22  stm32f1xx_hal_tim.o(i.TIM_ETR_SetConfig)
    UART_Start_Receive_IT                    0x08004de9   Thumb Code    70  stm32f1xx_hal_uart.o(i.UART_Start_Receive_IT)
    USART1_IRQHandler                        0x08004e91   Thumb Code    10  stm32f1xx_it.o(i.USART1_IRQHandler)
    UsageFault_Handler                       0x08004ea1   Thumb Code     4  stm32f1xx_it.o(i.UsageFault_Handler)
    __ARM_fpclassify                         0x08004ea5   Thumb Code    40  fpclassify.o(i.__ARM_fpclassify)
    _is_digit                                0x08004f05   Thumb Code    14  __printf_wp.o(i._is_digit)
    doc_vacquy                               0x08004f15   Thumb Code    54  main.o(i.doc_vacquy)
    lcd_init                                 0x08004f59   Thumb Code   118  i2c-lcd.o(i.lcd_init)
    lcd_put_cur                              0x08004fcf   Thumb Code    36  i2c-lcd.o(i.lcd_put_cur)
    lcd_send_cmd                             0x08004ff5   Thumb Code    64  i2c-lcd.o(i.lcd_send_cmd)
    lcd_send_data                            0x08005039   Thumb Code    64  i2c-lcd.o(i.lcd_send_data)
    lcd_send_string                          0x0800507d   Thumb Code    22  i2c-lcd.o(i.lcd_send_string)
    main                                     0x08005095   Thumb Code   546  main.o(i.main)
    _get_lc_numeric                          0x08005319   Thumb Code    44  lc_numeric_c.o(locale$$code)
    __aeabi_d2f                              0x08005345   Thumb Code     0  d2f.o(x$fpl$d2f)
    _d2f                                     0x08005345   Thumb Code    98  d2f.o(x$fpl$d2f)
    __fpl_dcmp_Inf                           0x080053a7   Thumb Code    24  dcmpi.o(x$fpl$dcmpinf)
    __aeabi_ddiv                             0x080053c1   Thumb Code     0  ddiv.o(x$fpl$ddiv)
    _ddiv                                    0x080053c1   Thumb Code   552  ddiv.o(x$fpl$ddiv)
    __aeabi_ui2d                             0x08005671   Thumb Code     0  dflt_clz.o(x$fpl$dfltu)
    _dfltu                                   0x08005671   Thumb Code    38  dflt_clz.o(x$fpl$dfltu)
    __aeabi_cdcmple                          0x08005699   Thumb Code     0  dleqf.o(x$fpl$dleqf)
    _dcmple                                  0x08005699   Thumb Code   120  dleqf.o(x$fpl$dleqf)
    __fpl_dcmple_InfNaN                      0x080056fb   Thumb Code     0  dleqf.o(x$fpl$dleqf)
    __aeabi_dmul                             0x08005711   Thumb Code     0  dmul.o(x$fpl$dmul)
    _dmul                                    0x08005711   Thumb Code   332  dmul.o(x$fpl$dmul)
    __fpl_dnaninf                            0x08005865   Thumb Code   156  dnaninf.o(x$fpl$dnaninf)
    __fpl_dretinf                            0x08005901   Thumb Code    12  dretinf.o(x$fpl$dretinf)
    __aeabi_cdrcmple                         0x0800590d   Thumb Code     0  drleqf.o(x$fpl$drleqf)
    _drcmple                                 0x0800590d   Thumb Code   108  drleqf.o(x$fpl$drleqf)
    __aeabi_f2d                              0x08005979   Thumb Code     0  f2d.o(x$fpl$f2d)
    _f2d                                     0x08005979   Thumb Code    86  f2d.o(x$fpl$f2d)
    __aeabi_fdiv                             0x080059d1   Thumb Code     0  fdiv.o(x$fpl$fdiv)
    _fdiv                                    0x080059d1   Thumb Code   384  fdiv.o(x$fpl$fdiv)
    __aeabi_f2iz                             0x08005b55   Thumb Code     0  ffix.o(x$fpl$ffix)
    _ffix                                    0x08005b55   Thumb Code    54  ffix.o(x$fpl$ffix)
    __aeabi_ui2f                             0x08005b8d   Thumb Code     0  fflt_clz.o(x$fpl$ffltu)
    _ffltu                                   0x08005b8d   Thumb Code    38  fflt_clz.o(x$fpl$ffltu)
    __aeabi_fmul                             0x08005bb5   Thumb Code     0  fmul.o(x$fpl$fmul)
    _fmul                                    0x08005bb5   Thumb Code   258  fmul.o(x$fpl$fmul)
    __fpl_fnaninf                            0x08005cb7   Thumb Code   140  fnaninf.o(x$fpl$fnaninf)
    __fpl_fretinf                            0x08005d43   Thumb Code    10  fretinf.o(x$fpl$fretinf)
    _printf_fp_dec                           0x08005d4d   Thumb Code     4  printf1.o(x$fpl$printf1)
    AHBPrescTable                            0x08005d50   Data          16  system_stm32f1xx.o(.constdata)
    __I$use$fp                               0x08005d50   Number         0  usenofp.o(x$fpl$usenofp)
    APBPrescTable                            0x08005d60   Data           8  system_stm32f1xx.o(.constdata)
    Region$$Table$$Base                      0x08005e10   Number         0  anon$$obj.o(Region$$Table)
    Region$$Table$$Limit                     0x08005e30   Number         0  anon$$obj.o(Region$$Table)
    Vbat_temp                                0x20000000   Data           4  main.o(.data)
    i                                        0x20000004   Data           4  main.o(.data)
    button_temp                              0x20000008   Data           4  main.o(.data)
    Vtai_temp                                0x2000000c   Data           4  main.o(.data)
    Itai_temp                                0x20000010   Data           4  main.o(.data)
    Ptai_temp                                0x20000014   Data           4  main.o(.data)
    Vin_temp                                 0x20000018   Data           4  main.o(.data)
    Iin_temp                                 0x2000001c   Data           4  main.o(.data)
    Vbat_tb                                  0x20000020   Data           4  main.o(.data)
    Vtai_tb                                  0x20000024   Data           4  main.o(.data)
    Itai_tb                                  0x20000028   Data           4  main.o(.data)
    Vbat_f                                   0x2000002c   Data           4  main.o(.data)
    Vtai_f                                   0x20000030   Data           4  main.o(.data)
    Itai_f                                   0x20000034   Data           4  main.o(.data)
    Ptai_f                                   0x20000038   Data           4  main.o(.data)
    Vin_f                                    0x2000003c   Data           4  main.o(.data)
    Iin_f                                    0x20000040   Data           4  main.o(.data)
    LCD_Menu                                 0x20000044   Data           2  main.o(.data)
    tx_uart_temp                             0x20000048   Data           4  main.o(.data)
    rx_buffer                                0x2000004c   Data           4  main.o(.data)
    k                                        0x20000050   Data           4  main.o(.data)
    uwTick                                   0x20000054   Data           4  stm32f1xx_hal.o(.data)
    uwTickPrio                               0x20000058   Data           4  stm32f1xx_hal.o(.data)
    uwTickFreq                               0x2000005c   Data           1  stm32f1xx_hal.o(.data)
    SystemCoreClock                          0x20000060   Data           4  system_stm32f1xx.o(.data)
    Vbat                                     0x20000064   Data          12  main.o(.bss)
    Vtai                                     0x20000070   Data          12  main.o(.bss)
    Itai                                     0x2000007c   Data          12  main.o(.bss)
    Ptai                                     0x20000088   Data          12  main.o(.bss)
    Vin                                      0x20000094   Data          12  main.o(.bss)
    Iin                                      0x200000a0   Data          12  main.o(.bss)
    tx_uart_buffer                           0x200000ac   Data           9  main.o(.bss)
    hadc1                                    0x200000b8   Data          48  main.o(.bss)
    hdma_adc1                                0x200000e8   Data          68  main.o(.bss)
    hi2c1                                    0x2000012c   Data          84  main.o(.bss)
    hspi1                                    0x20000180   Data          88  main.o(.bss)
    hspi2                                    0x200001d8   Data          88  main.o(.bss)
    htim2                                    0x20000230   Data          72  main.o(.bss)
    huart1                                   0x20000278   Data          68  main.o(.bss)
    __libspace_start                         0x200002bc   Data          96  libspace.o(.bss)
    __temporary_stack_top$libspace           0x2000031c   Data           0  libspace.o(.bss)



==============================================================================

Memory Map of the image

  Image Entry point : 0x080000ed

  Load Region LR_IROM1 (Base: 0x08000000, Size: 0x00005eb0, Max: 0x00010000, ABSOLUTE)

    Execution Region ER_IROM1 (Exec base: 0x08000000, Load base: 0x08000000, Size: 0x00005e4c, Max: 0x00010000, ABSOLUTE)

    Exec Addr    Load Addr    Size         Type   Attr      Idx    E Section Name        Object

    0x08000000   0x08000000   0x000000ec   Data   RO            3    RESET               startup_stm32f103xb.o
    0x080000ec   0x080000ec   0x00000008   Code   RO         4113  * !!!main             c_w.l(__main.o)
    0x080000f4   0x080000f4   0x00000034   Code   RO         4373    !!!scatter          c_w.l(__scatter.o)
    0x08000128   0x08000128   0x0000001a   Code   RO         4375    !!handler_copy      c_w.l(__scatter_copy.o)
    0x08000142   0x08000142   0x00000002   PAD
    0x08000144   0x08000144   0x0000001c   Code   RO         4377    !!handler_zi        c_w.l(__scatter_zi.o)
    0x08000160   0x08000160   0x00000000   Code   RO         4108    .ARM.Collect$$_printf_percent$$00000000  c_w.l(_printf_percent.o)
    0x08000160   0x08000160   0x00000006   Code   RO         4107    .ARM.Collect$$_printf_percent$$00000003  c_w.l(_printf_f.o)
    0x08000166   0x08000166   0x00000006   Code   RO         4106    .ARM.Collect$$_printf_percent$$00000009  c_w.l(_printf_d.o)
    0x0800016c   0x0800016c   0x00000004   Code   RO         4162    .ARM.Collect$$_printf_percent$$00000017  c_w.l(_printf_percent_end.o)
    0x08000170   0x08000170   0x00000002   Code   RO         4246    .ARM.Collect$$libinit$$00000000  c_w.l(libinit.o)
    0x08000172   0x08000172   0x00000000   Code   RO         4248    .ARM.Collect$$libinit$$00000002  c_w.l(libinit2.o)
    0x08000172   0x08000172   0x00000000   Code   RO         4250    .ARM.Collect$$libinit$$00000004  c_w.l(libinit2.o)
    0x08000172   0x08000172   0x00000000   Code   RO         4253    .ARM.Collect$$libinit$$0000000A  c_w.l(libinit2.o)
    0x08000172   0x08000172   0x00000000   Code   RO         4255    .ARM.Collect$$libinit$$0000000C  c_w.l(libinit2.o)
    0x08000172   0x08000172   0x00000000   Code   RO         4257    .ARM.Collect$$libinit$$0000000E  c_w.l(libinit2.o)
    0x08000172   0x08000172   0x00000006   Code   RO         4258    .ARM.Collect$$libinit$$0000000F  c_w.l(libinit2.o)
    0x08000178   0x08000178   0x00000000   Code   RO         4260    .ARM.Collect$$libinit$$00000011  c_w.l(libinit2.o)
    0x08000178   0x08000178   0x00000000   Code   RO         4262    .ARM.Collect$$libinit$$00000013  c_w.l(libinit2.o)
    0x08000178   0x08000178   0x00000000   Code   RO         4264    .ARM.Collect$$libinit$$00000015  c_w.l(libinit2.o)
    0x08000178   0x08000178   0x0000000a   Code   RO         4265    .ARM.Collect$$libinit$$00000016  c_w.l(libinit2.o)
    0x08000182   0x08000182   0x00000000   Code   RO         4266    .ARM.Collect$$libinit$$00000017  c_w.l(libinit2.o)
    0x08000182   0x08000182   0x00000000   Code   RO         4268    .ARM.Collect$$libinit$$00000019  c_w.l(libinit2.o)
    0x08000182   0x08000182   0x00000000   Code   RO         4270    .ARM.Collect$$libinit$$0000001B  c_w.l(libinit2.o)
    0x08000182   0x08000182   0x00000000   Code   RO         4272    .ARM.Collect$$libinit$$0000001D  c_w.l(libinit2.o)
    0x08000182   0x08000182   0x00000000   Code   RO         4274    .ARM.Collect$$libinit$$0000001F  c_w.l(libinit2.o)
    0x08000182   0x08000182   0x00000000   Code   RO         4276    .ARM.Collect$$libinit$$00000021  c_w.l(libinit2.o)
    0x08000182   0x08000182   0x00000000   Code   RO         4278    .ARM.Collect$$libinit$$00000023  c_w.l(libinit2.o)
    0x08000182   0x08000182   0x00000000   Code   RO         4280    .ARM.Collect$$libinit$$00000025  c_w.l(libinit2.o)
    0x08000182   0x08000182   0x00000000   Code   RO         4284    .ARM.Collect$$libinit$$0000002C  c_w.l(libinit2.o)
    0x08000182   0x08000182   0x00000000   Code   RO         4286    .ARM.Collect$$libinit$$0000002E  c_w.l(libinit2.o)
    0x08000182   0x08000182   0x00000000   Code   RO         4288    .ARM.Collect$$libinit$$00000030  c_w.l(libinit2.o)
    0x08000182   0x08000182   0x00000000   Code   RO         4290    .ARM.Collect$$libinit$$00000032  c_w.l(libinit2.o)
    0x08000182   0x08000182   0x00000002   Code   RO         4291    .ARM.Collect$$libinit$$00000033  c_w.l(libinit2.o)
    0x08000184   0x08000184   0x00000002   Code   RO         4321    .ARM.Collect$$libshutdown$$00000000  c_w.l(libshutdown.o)
    0x08000186   0x08000186   0x00000000   Code   RO         4332    .ARM.Collect$$libshutdown$$00000002  c_w.l(libshutdown2.o)
    0x08000186   0x08000186   0x00000000   Code   RO         4334    .ARM.Collect$$libshutdown$$00000004  c_w.l(libshutdown2.o)
    0x08000186   0x08000186   0x00000000   Code   RO         4337    .ARM.Collect$$libshutdown$$00000007  c_w.l(libshutdown2.o)
    0x08000186   0x08000186   0x00000000   Code   RO         4340    .ARM.Collect$$libshutdown$$0000000A  c_w.l(libshutdown2.o)
    0x08000186   0x08000186   0x00000000   Code   RO         4342    .ARM.Collect$$libshutdown$$0000000C  c_w.l(libshutdown2.o)
    0x08000186   0x08000186   0x00000000   Code   RO         4345    .ARM.Collect$$libshutdown$$0000000F  c_w.l(libshutdown2.o)
    0x08000186   0x08000186   0x00000002   Code   RO         4346    .ARM.Collect$$libshutdown$$00000010  c_w.l(libshutdown2.o)
    0x08000188   0x08000188   0x00000000   Code   RO         4153    .ARM.Collect$$rtentry$$00000000  c_w.l(__rtentry.o)
    0x08000188   0x08000188   0x00000000   Code   RO         4175    .ARM.Collect$$rtentry$$00000002  c_w.l(__rtentry2.o)
    0x08000188   0x08000188   0x00000006   Code   RO         4187    .ARM.Collect$$rtentry$$00000004  c_w.l(__rtentry4.o)
    0x0800018e   0x0800018e   0x00000000   Code   RO         4177    .ARM.Collect$$rtentry$$00000009  c_w.l(__rtentry2.o)
    0x0800018e   0x0800018e   0x00000004   Code   RO         4178    .ARM.Collect$$rtentry$$0000000A  c_w.l(__rtentry2.o)
    0x08000192   0x08000192   0x00000000   Code   RO         4180    .ARM.Collect$$rtentry$$0000000C  c_w.l(__rtentry2.o)
    0x08000192   0x08000192   0x00000008   Code   RO         4181    .ARM.Collect$$rtentry$$0000000D  c_w.l(__rtentry2.o)
    0x0800019a   0x0800019a   0x00000002   Code   RO         4292    .ARM.Collect$$rtexit$$00000000  c_w.l(rtexit.o)
    0x0800019c   0x0800019c   0x00000000   Code   RO         4299    .ARM.Collect$$rtexit$$00000002  c_w.l(rtexit2.o)
    0x0800019c   0x0800019c   0x00000004   Code   RO         4300    .ARM.Collect$$rtexit$$00000003  c_w.l(rtexit2.o)
    0x080001a0   0x080001a0   0x00000006   Code   RO         4301    .ARM.Collect$$rtexit$$00000004  c_w.l(rtexit2.o)
    0x080001a6   0x080001a6   0x00000002   PAD
    0x080001a8   0x080001a8   0x00000040   Code   RO            4    .text               startup_stm32f103xb.o
    0x080001e8   0x080001e8   0x00000028   Code   RO         4078    .text               c_w.l(noretval__2sprintf.o)
    0x08000210   0x08000210   0x0000004e   Code   RO         4082    .text               c_w.l(_printf_pad.o)
    0x0800025e   0x0800025e   0x00000002   PAD
    0x08000260   0x08000260   0x00000078   Code   RO         4084    .text               c_w.l(_printf_dec.o)
    0x080002d8   0x080002d8   0x00000138   Code   RO         4098    .text               c_w.l(__printf_flags_wp.o)
    0x08000410   0x08000410   0x0000004e   Code   RO         4109    .text               c_w.l(rt_memclr_w.o)
    0x0800045e   0x0800045e   0x00000006   Code   RO         4111    .text               c_w.l(heapauxi.o)
    0x08000464   0x08000464   0x000000b2   Code   RO         4154    .text               c_w.l(_printf_intcommon.o)
    0x08000516   0x08000516   0x0000041e   Code   RO         4156    .text               c_w.l(_printf_fp_dec.o)
    0x08000934   0x08000934   0x00000030   Code   RO         4158    .text               c_w.l(_printf_char_common.o)
    0x08000964   0x08000964   0x0000000a   Code   RO         4160    .text               c_w.l(_sputc.o)
    0x0800096e   0x0800096e   0x00000002   PAD
    0x08000970   0x08000970   0x00000008   Code   RO         4192    .text               c_w.l(rt_locale_intlibspace.o)
    0x08000978   0x08000978   0x0000008a   Code   RO         4194    .text               c_w.l(lludiv10.o)
    0x08000a02   0x08000a02   0x00000002   PAD
    0x08000a04   0x08000a04   0x00000080   Code   RO         4196    .text               c_w.l(_printf_fp_infnan.o)
    0x08000a84   0x08000a84   0x000000e4   Code   RO         4200    .text               c_w.l(bigflt0.o)
    0x08000b68   0x08000b68   0x00000008   Code   RO         4232    .text               c_w.l(libspace.o)
    0x08000b70   0x08000b70   0x0000004a   Code   RO         4235    .text               c_w.l(sys_stackheap_outer.o)
    0x08000bba   0x08000bba   0x00000012   Code   RO         4237    .text               c_w.l(exit.o)
    0x08000bcc   0x08000bcc   0x00000080   Code   RO         4239    .text               c_w.l(strcmpv7m.o)
    0x08000c4c   0x08000c4c   0x0000000c   Code   RO         4311    .text               c_w.l(sys_exit.o)
    0x08000c58   0x08000c58   0x00000002   Code   RO         4322    .text               c_w.l(use_no_semi.o)
    0x08000c5a   0x08000c5a   0x00000000   Code   RO         4324    .text               c_w.l(indicate_semi.o)
    0x08000c5a   0x08000c5a   0x0000003e   Code   RO         4203    CL$$btod_d2e        c_w.l(btod.o)
    0x08000c98   0x08000c98   0x00000046   Code   RO         4205    CL$$btod_d2e_denorm_low  c_w.l(btod.o)
    0x08000cde   0x08000cde   0x00000060   Code   RO         4204    CL$$btod_d2e_norm_op1  c_w.l(btod.o)
    0x08000d3e   0x08000d3e   0x00000338   Code   RO         4213    CL$$btod_div_common  c_w.l(btod.o)
    0x08001076   0x08001076   0x000000dc   Code   RO         4210    CL$$btod_e2e        c_w.l(btod.o)
    0x08001152   0x08001152   0x0000002a   Code   RO         4207    CL$$btod_ediv       c_w.l(btod.o)
    0x0800117c   0x0800117c   0x0000002a   Code   RO         4206    CL$$btod_emul       c_w.l(btod.o)
    0x080011a6   0x080011a6   0x00000244   Code   RO         4212    CL$$btod_mult_common  c_w.l(btod.o)
    0x080013ea   0x080013ea   0x0000005c   Code   RO          611    i.ADC_ConversionStop_Disable  stm32f1xx_hal_adc.o
    0x08001446   0x08001446   0x00000052   Code   RO          612    i.ADC_DMAConvCplt   stm32f1xx_hal_adc.o
    0x08001498   0x08001498   0x0000001e   Code   RO          613    i.ADC_DMAError      stm32f1xx_hal_adc.o
    0x080014b6   0x080014b6   0x0000000e   Code   RO          614    i.ADC_DMAHalfConvCplt  stm32f1xx_hal_adc.o
    0x080014c4   0x080014c4   0x00000090   Code   RO          615    i.ADC_Enable        stm32f1xx_hal_adc.o
    0x08001554   0x08001554   0x00000004   Code   RO          390    i.BusFault_Handler  stm32f1xx_it.o
    0x08001558   0x08001558   0x00000010   Code   RO          391    i.DMA1_Channel1_IRQHandler  stm32f1xx_it.o
    0x08001568   0x08001568   0x0000002c   Code   RO         1270    i.DMA_SetConfig     stm32f1xx_hal_dma.o
    0x08001594   0x08001594   0x00000002   Code   RO          392    i.DebugMon_Handler  stm32f1xx_it.o
    0x08001596   0x08001596   0x0000000c   Code   RO          393    i.EXTI9_5_IRQHandler  stm32f1xx_it.o
    0x080015a2   0x080015a2   0x00000006   Code   RO          168    i.Error_Handler     main.o
    0x080015a8   0x080015a8   0x00000160   Code   RO          617    i.HAL_ADC_ConfigChannel  stm32f1xx_hal_adc.o
    0x08001708   0x08001708   0x00000002   Code   RO          618    i.HAL_ADC_ConvCpltCallback  stm32f1xx_hal_adc.o
    0x0800170a   0x0800170a   0x00000002   Code   RO          619    i.HAL_ADC_ConvHalfCpltCallback  stm32f1xx_hal_adc.o
    0x0800170c   0x0800170c   0x00000002   Code   RO          621    i.HAL_ADC_ErrorCallback  stm32f1xx_hal_adc.o
    0x0800170e   0x0800170e   0x00000002   PAD
    0x08001710   0x08001710   0x00000144   Code   RO          626    i.HAL_ADC_Init      stm32f1xx_hal_adc.o
    0x08001854   0x08001854   0x000000b0   Code   RO          491    i.HAL_ADC_MspInit   stm32f1xx_hal_msp.o
    0x08001904   0x08001904   0x00000180   Code   RO          633    i.HAL_ADC_Start_DMA  stm32f1xx_hal_adc.o
    0x08001a84   0x08001a84   0x00000056   Code   RO         1271    i.HAL_DMA_Abort     stm32f1xx_hal_dma.o
    0x08001ada   0x08001ada   0x00000002   PAD
    0x08001adc   0x08001adc   0x000000b0   Code   RO         1272    i.HAL_DMA_Abort_IT  stm32f1xx_hal_dma.o
    0x08001b8c   0x08001b8c   0x0000019c   Code   RO         1276    i.HAL_DMA_IRQHandler  stm32f1xx_hal_dma.o
    0x08001d28   0x08001d28   0x00000068   Code   RO         1277    i.HAL_DMA_Init      stm32f1xx_hal_dma.o
    0x08001d90   0x08001d90   0x0000009c   Code   RO         1281    i.HAL_DMA_Start_IT  stm32f1xx_hal_dma.o
    0x08001e2c   0x08001e2c   0x00000028   Code   RO          894    i.HAL_Delay         stm32f1xx_hal.o
    0x08001e54   0x08001e54   0x00000050   Code   RO          169    i.HAL_GPIO_EXTI_Callback  main.o
    0x08001ea4   0x08001ea4   0x0000001c   Code   RO         1206    i.HAL_GPIO_EXTI_IRQHandler  stm32f1xx_hal_gpio.o
    0x08001ec0   0x08001ec0   0x00000320   Code   RO         1207    i.HAL_GPIO_Init     stm32f1xx_hal_gpio.o
    0x080021e0   0x080021e0   0x00000014   Code   RO         1210    i.HAL_GPIO_TogglePin  stm32f1xx_hal_gpio.o
    0x080021f4   0x080021f4   0x0000000c   Code   RO         1211    i.HAL_GPIO_WritePin  stm32f1xx_hal_gpio.o
    0x08002200   0x08002200   0x0000000c   Code   RO          898    i.HAL_GetTick       stm32f1xx_hal.o
    0x0800220c   0x0800220c   0x000001d0   Code   RO         1904    i.HAL_I2C_Init      stm32f1xx_hal_i2c.o
    0x080023dc   0x080023dc   0x00000170   Code   RO         1917    i.HAL_I2C_Master_Transmit  stm32f1xx_hal_i2c.o
    0x0800254c   0x0800254c   0x00000074   Code   RO          493    i.HAL_I2C_MspInit   stm32f1xx_hal_msp.o
    0x080025c0   0x080025c0   0x00000018   Code   RO          904    i.HAL_IncTick       stm32f1xx_hal.o
    0x080025d8   0x080025d8   0x00000028   Code   RO          905    i.HAL_Init          stm32f1xx_hal.o
    0x08002600   0x08002600   0x0000004c   Code   RO          906    i.HAL_InitTick      stm32f1xx_hal.o
    0x0800264c   0x0800264c   0x00000054   Code   RO          494    i.HAL_MspInit       stm32f1xx_hal_msp.o
    0x080026a0   0x080026a0   0x00000024   Code   RO         1365    i.HAL_NVIC_ClearPendingIRQ  stm32f1xx_hal_cortex.o
    0x080026c4   0x080026c4   0x00000020   Code   RO         1367    i.HAL_NVIC_EnableIRQ  stm32f1xx_hal_cortex.o
    0x080026e4   0x080026e4   0x0000007c   Code   RO         1373    i.HAL_NVIC_SetPriority  stm32f1xx_hal_cortex.o
    0x08002760   0x08002760   0x00000028   Code   RO         1374    i.HAL_NVIC_SetPriorityGrouping  stm32f1xx_hal_cortex.o
    0x08002788   0x08002788   0x00000130   Code   RO         1170    i.HAL_RCCEx_PeriphCLKConfig  stm32f1xx_hal_rcc_ex.o
    0x080028b8   0x080028b8   0x0000018c   Code   RO         1062    i.HAL_RCC_ClockConfig  stm32f1xx_hal_rcc.o
    0x08002a44   0x08002a44   0x0000000c   Code   RO         1067    i.HAL_RCC_GetHCLKFreq  stm32f1xx_hal_rcc.o
    0x08002a50   0x08002a50   0x00000020   Code   RO         1069    i.HAL_RCC_GetPCLK1Freq  stm32f1xx_hal_rcc.o
    0x08002a70   0x08002a70   0x00000020   Code   RO         1070    i.HAL_RCC_GetPCLK2Freq  stm32f1xx_hal_rcc.o
    0x08002a90   0x08002a90   0x00000094   Code   RO         1071    i.HAL_RCC_GetSysClockFreq  stm32f1xx_hal_rcc.o
    0x08002b24   0x08002b24   0x00000464   Code   RO         1074    i.HAL_RCC_OscConfig  stm32f1xx_hal_rcc.o
    0x08002f88   0x08002f88   0x000000be   Code   RO         2376    i.HAL_SPI_Init      stm32f1xx_hal_spi.o
    0x08003046   0x08003046   0x00000002   PAD
    0x08003048   0x08003048   0x000000f8   Code   RO          496    i.HAL_SPI_MspInit   stm32f1xx_hal_msp.o
    0x08003140   0x08003140   0x000001ae   Code   RO         2384    i.HAL_SPI_Transmit  stm32f1xx_hal_spi.o
    0x080032ee   0x080032ee   0x0000022a   Code   RO         2385    i.HAL_SPI_TransmitReceive  stm32f1xx_hal_spi.o
    0x08003518   0x08003518   0x00000034   Code   RO         1378    i.HAL_SYSTICK_Config  stm32f1xx_hal_cortex.o
    0x0800354c   0x0800354c   0x00000002   Code   RO         3404    i.HAL_TIMEx_BreakCallback  stm32f1xx_hal_tim_ex.o
    0x0800354e   0x0800354e   0x00000002   Code   RO         3405    i.HAL_TIMEx_CommutCallback  stm32f1xx_hal_tim_ex.o
    0x08003550   0x08003550   0x00000084   Code   RO         3423    i.HAL_TIMEx_MasterConfigSynchronization  stm32f1xx_hal_tim_ex.o
    0x080035d4   0x080035d4   0x00000066   Code   RO         2689    i.HAL_TIM_Base_Init  stm32f1xx_hal_tim.o
    0x0800363a   0x0800363a   0x00000002   PAD
    0x0800363c   0x0800363c   0x00000040   Code   RO          498    i.HAL_TIM_Base_MspInit  stm32f1xx_hal_msp.o
    0x0800367c   0x0800367c   0x00000078   Code   RO         2694    i.HAL_TIM_Base_Start_IT  stm32f1xx_hal_tim.o
    0x080036f4   0x080036f4   0x00000108   Code   RO         2698    i.HAL_TIM_ConfigClockSource  stm32f1xx_hal_tim.o
    0x080037fc   0x080037fc   0x00000002   Code   RO         2723    i.HAL_TIM_IC_CaptureCallback  stm32f1xx_hal_tim.o
    0x080037fe   0x080037fe   0x00000196   Code   RO         2737    i.HAL_TIM_IRQHandler  stm32f1xx_hal_tim.o
    0x08003994   0x08003994   0x00000002   Code   RO         2740    i.HAL_TIM_OC_DelayElapsedCallback  stm32f1xx_hal_tim.o
    0x08003996   0x08003996   0x00000002   Code   RO         2767    i.HAL_TIM_PWM_PulseFinishedCallback  stm32f1xx_hal_tim.o
    0x08003998   0x08003998   0x000001c4   Code   RO          170    i.HAL_TIM_PeriodElapsedCallback  main.o
    0x08003b5c   0x08003b5c   0x00000002   Code   RO         2780    i.HAL_TIM_TriggerCallback  stm32f1xx_hal_tim.o
    0x08003b5e   0x08003b5e   0x00000002   Code   RO         3682    i.HAL_UARTEx_RxEventCallback  stm32f1xx_hal_uart.o
    0x08003b60   0x08003b60   0x00000002   Code   RO         3696    i.HAL_UART_ErrorCallback  stm32f1xx_hal_uart.o
    0x08003b62   0x08003b62   0x00000002   PAD
    0x08003b64   0x08003b64   0x0000024c   Code   RO         3699    i.HAL_UART_IRQHandler  stm32f1xx_hal_uart.o
    0x08003db0   0x08003db0   0x00000072   Code   RO         3700    i.HAL_UART_Init     stm32f1xx_hal_uart.o
    0x08003e22   0x08003e22   0x00000002   PAD
    0x08003e24   0x08003e24   0x00000098   Code   RO          500    i.HAL_UART_MspInit  stm32f1xx_hal_msp.o
    0x08003ebc   0x08003ebc   0x00000042   Code   RO         3705    i.HAL_UART_Receive_IT  stm32f1xx_hal_uart.o
    0x08003efe   0x08003efe   0x00000002   PAD
    0x08003f00   0x08003f00   0x0000011c   Code   RO          171    i.HAL_UART_RxCpltCallback  main.o
    0x0800401c   0x0800401c   0x00000058   Code   RO         3710    i.HAL_UART_Transmit_IT  stm32f1xx_hal_uart.o
    0x08004074   0x08004074   0x00000002   Code   RO          172    i.HAL_UART_TxCpltCallback  main.o
    0x08004076   0x08004076   0x00000004   Code   RO          394    i.HardFault_Handler  stm32f1xx_it.o
    0x0800407a   0x0800407a   0x0000003e   Code   RO         1947    i.I2C_IsAcknowledgeFailed  stm32f1xx_hal_i2c.o
    0x080040b8   0x080040b8   0x000000c0   Code   RO         1951    i.I2C_MasterRequestWrite  stm32f1xx_hal_i2c.o
    0x08004178   0x08004178   0x0000005c   Code   RO         1967    i.I2C_WaitOnBTFFlagUntilTimeout  stm32f1xx_hal_i2c.o
    0x080041d4   0x080041d4   0x00000086   Code   RO         1968    i.I2C_WaitOnFlagUntilTimeout  stm32f1xx_hal_i2c.o
    0x0800425a   0x0800425a   0x000000c4   Code   RO         1969    i.I2C_WaitOnMasterAddressFlagUntilTimeout  stm32f1xx_hal_i2c.o
    0x0800431e   0x0800431e   0x0000005c   Code   RO         1973    i.I2C_WaitOnTXEFlagUntilTimeout  stm32f1xx_hal_i2c.o
    0x0800437a   0x0800437a   0x00000002   PAD
    0x0800437c   0x0800437c   0x000001c4   Code   RO          173    i.LCD_display       main.o
    0x08004540   0x08004540   0x00000060   Code   RO          174    i.MX_ADC1_Init      main.o
    0x080045a0   0x080045a0   0x00000034   Code   RO          175    i.MX_DMA_Init       main.o
    0x080045d4   0x080045d4   0x00000138   Code   RO          176    i.MX_GPIO_Init      main.o
    0x0800470c   0x0800470c   0x0000003c   Code   RO          177    i.MX_I2C1_Init      main.o
    0x08004748   0x08004748   0x00000048   Code   RO          178    i.MX_SPI1_Init      main.o
    0x08004790   0x08004790   0x00000044   Code   RO          179    i.MX_SPI2_Init      main.o
    0x080047d4   0x080047d4   0x0000006c   Code   RO          180    i.MX_TIM2_Init      main.o
    0x08004840   0x08004840   0x00000048   Code   RO          181    i.MX_USART1_UART_Init  main.o
    0x08004888   0x08004888   0x00000004   Code   RO          395    i.MemManage_Handler  stm32f1xx_it.o
    0x0800488c   0x0800488c   0x00000004   Code   RO          396    i.NMI_Handler       stm32f1xx_it.o
    0x08004890   0x08004890   0x00000002   Code   RO          397    i.PendSV_Handler    stm32f1xx_it.o
    0x08004892   0x08004892   0x00000002   PAD
    0x08004894   0x08004894   0x00000028   Code   RO         1075    i.RCC_Delay         stm32f1xx_hal_rcc.o
    0x080048bc   0x080048bc   0x0000005c   Code   RO          182    i.Read_ADE24        main.o
    0x08004918   0x08004918   0x00000028   Code   RO         2414    i.SPI_EndRxTxTransaction  stm32f1xx_hal_spi.o
    0x08004940   0x08004940   0x000000d8   Code   RO         2419    i.SPI_WaitFlagStateUntilTimeout  stm32f1xx_hal_spi.o
    0x08004a18   0x08004a18   0x00000002   Code   RO          398    i.SVC_Handler       stm32f1xx_it.o
    0x08004a1a   0x08004a1a   0x00000008   Code   RO          399    i.SysTick_Handler   stm32f1xx_it.o
    0x08004a22   0x08004a22   0x00000080   Code   RO          183    i.SystemClock_Config  main.o
    0x08004aa2   0x08004aa2   0x00000002   Code   RO         4039    i.SystemInit        system_stm32f1xx.o
    0x08004aa4   0x08004aa4   0x00000010   Code   RO          400    i.TIM2_IRQHandler   stm32f1xx_it.o
    0x08004ab4   0x08004ab4   0x00000074   Code   RO         2782    i.TIM_Base_SetConfig  stm32f1xx_hal_tim.o
    0x08004b28   0x08004b28   0x00000016   Code   RO         2793    i.TIM_ETR_SetConfig  stm32f1xx_hal_tim.o
    0x08004b3e   0x08004b3e   0x00000012   Code   RO         2794    i.TIM_ITRx_SetConfig  stm32f1xx_hal_tim.o
    0x08004b50   0x08004b50   0x00000026   Code   RO         2800    i.TIM_TI1_ConfigInputStage  stm32f1xx_hal_tim.o
    0x08004b76   0x08004b76   0x00000028   Code   RO         2802    i.TIM_TI2_ConfigInputStage  stm32f1xx_hal_tim.o
    0x08004b9e   0x08004b9e   0x00000014   Code   RO         3713    i.UART_DMAAbortOnError  stm32f1xx_hal_uart.o
    0x08004bb2   0x08004bb2   0x00000036   Code   RO         3723    i.UART_EndRxTransfer  stm32f1xx_hal_uart.o
    0x08004be8   0x08004be8   0x00000020   Code   RO         3724    i.UART_EndTransmit_IT  stm32f1xx_hal_uart.o
    0x08004c08   0x08004c08   0x000000e4   Code   RO         3726    i.UART_Receive_IT   stm32f1xx_hal_uart.o
    0x08004cec   0x08004cec   0x000000fc   Code   RO         3727    i.UART_SetConfig    stm32f1xx_hal_uart.o
    0x08004de8   0x08004de8   0x00000046   Code   RO         3729    i.UART_Start_Receive_IT  stm32f1xx_hal_uart.o
    0x08004e2e   0x08004e2e   0x00000060   Code   RO         3730    i.UART_Transmit_IT  stm32f1xx_hal_uart.o
    0x08004e8e   0x08004e8e   0x00000002   PAD
    0x08004e90   0x08004e90   0x00000010   Code   RO          401    i.USART1_IRQHandler  stm32f1xx_it.o
    0x08004ea0   0x08004ea0   0x00000004   Code   RO          402    i.UsageFault_Handler  stm32f1xx_it.o
    0x08004ea4   0x08004ea4   0x00000028   Code   RO         4230    i.__ARM_fpclassify  m_ws.l(fpclassify.o)
    0x08004ecc   0x08004ecc   0x00000010   Code   RO         1380    i.__NVIC_GetPriorityGrouping  stm32f1xx_hal_cortex.o
    0x08004edc   0x08004edc   0x00000028   Code   RO         1381    i.__NVIC_SetPriority  stm32f1xx_hal_cortex.o
    0x08004f04   0x08004f04   0x0000000e   Code   RO         4096    i._is_digit         c_w.l(__printf_wp.o)
    0x08004f12   0x08004f12   0x00000002   PAD
    0x08004f14   0x08004f14   0x00000044   Code   RO          184    i.doc_vacquy        main.o
    0x08004f58   0x08004f58   0x00000076   Code   RO           14    i.lcd_init          i2c-lcd.o
    0x08004fce   0x08004fce   0x00000024   Code   RO           15    i.lcd_put_cur       i2c-lcd.o
    0x08004ff2   0x08004ff2   0x00000002   PAD
    0x08004ff4   0x08004ff4   0x00000044   Code   RO           16    i.lcd_send_cmd      i2c-lcd.o
    0x08005038   0x08005038   0x00000044   Code   RO           17    i.lcd_send_data     i2c-lcd.o
    0x0800507c   0x0800507c   0x00000016   Code   RO           18    i.lcd_send_string   i2c-lcd.o
    0x08005092   0x08005092   0x00000002   PAD
    0x08005094   0x08005094   0x00000284   Code   RO          185    i.main              main.o
    0x08005318   0x08005318   0x0000002c   Code   RO         4226    locale$$code        c_w.l(lc_numeric_c.o)
    0x08005344   0x08005344   0x00000062   Code   RO         4115    x$fpl$d2f           fz_ws.l(d2f.o)
    0x080053a6   0x080053a6   0x00000018   Code   RO         4163    x$fpl$dcmpinf       fz_ws.l(dcmpi.o)
    0x080053be   0x080053be   0x00000002   PAD
    0x080053c0   0x080053c0   0x000002b0   Code   RO         4118    x$fpl$ddiv          fz_ws.l(ddiv.o)
    0x08005670   0x08005670   0x00000026   Code   RO         4121    x$fpl$dfltu         fz_ws.l(dflt_clz.o)
    0x08005696   0x08005696   0x00000002   PAD
    0x08005698   0x08005698   0x00000078   Code   RO         4127    x$fpl$dleqf         fz_ws.l(dleqf.o)
    0x08005710   0x08005710   0x00000154   Code   RO         4129    x$fpl$dmul          fz_ws.l(dmul.o)
    0x08005864   0x08005864   0x0000009c   Code   RO         4165    x$fpl$dnaninf       fz_ws.l(dnaninf.o)
    0x08005900   0x08005900   0x0000000c   Code   RO         4167    x$fpl$dretinf       fz_ws.l(dretinf.o)
    0x0800590c   0x0800590c   0x0000006c   Code   RO         4131    x$fpl$drleqf        fz_ws.l(drleqf.o)
    0x08005978   0x08005978   0x00000056   Code   RO         4133    x$fpl$f2d           fz_ws.l(f2d.o)
    0x080059ce   0x080059ce   0x00000002   PAD
    0x080059d0   0x080059d0   0x00000184   Code   RO         4136    x$fpl$fdiv          fz_ws.l(fdiv.o)
    0x08005b54   0x08005b54   0x00000036   Code   RO         4139    x$fpl$ffix          fz_ws.l(ffix.o)
    0x08005b8a   0x08005b8a   0x00000002   PAD
    0x08005b8c   0x08005b8c   0x00000026   Code   RO         4143    x$fpl$ffltu         fz_ws.l(fflt_clz.o)
    0x08005bb2   0x08005bb2   0x00000002   PAD
    0x08005bb4   0x08005bb4   0x00000102   Code   RO         4149    x$fpl$fmul          fz_ws.l(fmul.o)
    0x08005cb6   0x08005cb6   0x0000008c   Code   RO         4169    x$fpl$fnaninf       fz_ws.l(fnaninf.o)
    0x08005d42   0x08005d42   0x0000000a   Code   RO         4171    x$fpl$fretinf       fz_ws.l(fretinf.o)
    0x08005d4c   0x08005d4c   0x00000004   Code   RO         4151    x$fpl$printf1       fz_ws.l(printf1.o)
    0x08005d50   0x08005d50   0x00000000   Code   RO         4173    x$fpl$usenofp       fz_ws.l(usenofp.o)
    0x08005d50   0x08005d50   0x00000018   Data   RO         4040    .constdata          system_stm32f1xx.o
    0x08005d68   0x08005d68   0x00000011   Data   RO         4099    .constdata          c_w.l(__printf_flags_wp.o)
    0x08005d79   0x08005d79   0x00000003   PAD
    0x08005d7c   0x08005d7c   0x00000094   Data   RO         4201    .constdata          c_w.l(bigflt0.o)
    0x08005e10   0x08005e10   0x00000020   Data   RO         4371    Region$$Table       anon$$obj.o
    0x08005e30   0x08005e30   0x0000001c   Data   RO         4225    locale$$data        c_w.l(lc_numeric_c.o)


    Execution Region RW_IRAM1 (Exec base: 0x20000000, Load base: 0x08005e4c, Size: 0x00000920, Max: 0x00005000, ABSOLUTE)

    Exec Addr    Load Addr    Size         Type   Attr      Idx    E Section Name        Object

    0x20000000   0x08005e4c   0x00000054   Data   RW          187    .data               main.o
    0x20000054   0x08005ea0   0x00000009   Data   RW          912    .data               stm32f1xx_hal.o
    0x2000005d   0x08005ea9   0x00000003   PAD
    0x20000060   0x08005eac   0x00000004   Data   RW         4041    .data               system_stm32f1xx.o
    0x20000064        -       0x00000258   Zero   RW          186    .bss                main.o
    0x200002bc        -       0x00000060   Zero   RW         4233    .bss                c_w.l(libspace.o)
    0x2000031c   0x08005eb0   0x00000004   PAD
    0x20000320        -       0x00000200   Zero   RW            2    HEAP                startup_stm32f103xb.o
    0x20000520        -       0x00000400   Zero   RW            1    STACK               startup_stm32f103xb.o


==============================================================================

Image component sizes


      Code (inc. data)   RO Data    RW Data    ZI Data      Debug   Object Name

       312          8          0          0          0     456994   i2c-lcd.o
      3048        476          0         84        600     461139   main.o
        64         26        236          0       1536        796   startup_stm32f103xb.o
       192         36          0          9          0       5757   stm32f1xx_hal.o
      1428         56          0          0          0       8142   stm32f1xx_hal_adc.o
       340         28          0          0          0      29974   stm32f1xx_hal_cortex.o
       978         12          0          0          0       4746   stm32f1xx_hal_dma.o
       860         38          0          0          0       3808   stm32f1xx_hal_gpio.o
      1600         32          0          0          0       7737   stm32f1xx_hal_i2c.o
       840         84          0          0          0       4366   stm32f1xx_hal_msp.o
      1784        110          0          0          0       5872   stm32f1xx_hal_rcc.o
       304         14          0          0          0       1364   stm32f1xx_hal_rcc_ex.o
      1430          6          0          0          0       5608   stm32f1xx_hal_spi.o
      1134         26          0          0          0       8931   stm32f1xx_hal_tim.o
       136         14          0          0          0       2325   stm32f1xx_hal_tim_ex.o
      1612         10          0          0          0       9341   stm32f1xx_hal_uart.o
        94         18          0          0          0       5568   stm32f1xx_it.o
         2          0         24          4          0       1071   system_stm32f1xx.o

    ----------------------------------------------------------------------
     16182        994        292        100       2136    1023539   Object Totals
         0          0         32          0          0          0   (incl. Generated)
        24          0          0          3          0          0   (incl. Padding)

    ----------------------------------------------------------------------

      Code (inc. data)   RO Data    RW Data    ZI Data      Debug   Library Member Name

         8          0          0          0          0         68   __main.o
       312          4         17          0          0         92   __printf_flags_wp.o
        14          0          0          0          0         68   __printf_wp.o
         0          0          0          0          0          0   __rtentry.o
        12          0          0          0          0          0   __rtentry2.o
         6          0          0          0          0          0   __rtentry4.o
        52          8          0          0          0          0   __scatter.o
        26          0          0          0          0          0   __scatter_copy.o
        28          0          0          0          0          0   __scatter_zi.o
        48          6          0          0          0         96   _printf_char_common.o
         6          0          0          0          0          0   _printf_d.o
       120         16          0          0          0         92   _printf_dec.o
         6          0          0          0          0          0   _printf_f.o
      1054          0          0          0          0        216   _printf_fp_dec.o
       128         16          0          0          0         84   _printf_fp_infnan.o
       178          0          0          0          0         88   _printf_intcommon.o
        78          0          0          0          0        108   _printf_pad.o
         0          0          0          0          0          0   _printf_percent.o
         4          0          0          0          0          0   _printf_percent_end.o
        10          0          0          0          0         68   _sputc.o
       228          4        148          0          0         96   bigflt0.o
      1936        128          0          0          0        672   btod.o
        18          0          0          0          0         80   exit.o
         6          0          0          0          0        152   heapauxi.o
         0          0          0          0          0          0   indicate_semi.o
        44         10         28          0          0         76   lc_numeric_c.o
         2          0          0          0          0          0   libinit.o
        18          0          0          0          0          0   libinit2.o
         2          0          0          0          0          0   libshutdown.o
         2          0          0          0          0          0   libshutdown2.o
         8          4          0          0         96         68   libspace.o
       138          0          0          0          0         80   lludiv10.o
        40          6          0          0          0         84   noretval__2sprintf.o
         8          4          0          0          0         68   rt_locale_intlibspace.o
        78          0          0          0          0         80   rt_memclr_w.o
         2          0          0          0          0          0   rtexit.o
        10          0          0          0          0          0   rtexit2.o
       128          0          0          0          0         68   strcmpv7m.o
        12          4          0          0          0         68   sys_exit.o
        74          0          0          0          0         80   sys_stackheap_outer.o
         2          0          0          0          0         68   use_no_semi.o
        98          4          0          0          0         92   d2f.o
        24          0          0          0          0         68   dcmpi.o
       688        140          0          0          0        208   ddiv.o
        38          0          0          0          0         68   dflt_clz.o
       120          4          0          0          0         92   dleqf.o
       340         12          0          0          0        104   dmul.o
       156          4          0          0          0         92   dnaninf.o
        12          0          0          0          0         68   dretinf.o
       108          0          0          0          0         80   drleqf.o
        86          4          0          0          0         84   f2d.o
       388         76          0          0          0         96   fdiv.o
        54          4          0          0          0         84   ffix.o
        38          0          0          0          0         68   fflt_clz.o
       258          4          0          0          0         84   fmul.o
       140          4          0          0          0         84   fnaninf.o
        10          0          0          0          0         68   fretinf.o
         4          0          0          0          0         68   printf1.o
         0          0          0          0          0          0   usenofp.o
        40          0          0          0          0         68   fpclassify.o

    ----------------------------------------------------------------------
      7470        466        196          0        100       4296   Library Totals
        22          0          3          0          4          0   (incl. Padding)

    ----------------------------------------------------------------------

      Code (inc. data)   RO Data    RW Data    ZI Data      Debug   Library Name

      4846        210        193          0         96       2720   c_w.l
      2562        256          0          0          0       1508   fz_ws.l
        40          0          0          0          0         68   m_ws.l

    ----------------------------------------------------------------------
      7470        466        196          0        100       4296   Library Totals

    ----------------------------------------------------------------------

==============================================================================


      Code (inc. data)   RO Data    RW Data    ZI Data      Debug   

     23652       1460        488        100       2236    1019147   Grand Totals
     23652       1460        488        100       2236    1019147   ELF Image Totals
     23652       1460        488        100          0          0   ROM Totals

==============================================================================

    Total RO  Size (Code + RO Data)                24140 (  23.57kB)
    Total RW  Size (RW Data + ZI Data)              2336 (   2.28kB)
    Total ROM Size (Code + RO Data + RW Data)      24240 (  23.67kB)

==============================================================================

